Archive member included to satisfy reference by file (symbol)

C:/ST/STM32CubeIDE_1.13.1/STM32CubeIDE/plugins/com.st.stm32cube.ide.mcu.externaltools.gnu-tools-for-stm32.11.3.rel1.win32_1.1.100.202309141235/tools/bin/../lib/gcc/arm-none-eabi/11.3.1/../../../../arm-none-eabi/lib/thumb/v7e-m+fp/hard\libc_nano.a(libc_a-exit.o)
                              C:/ST/STM32CubeIDE_1.13.1/STM32CubeIDE/plugins/com.st.stm32cube.ide.mcu.externaltools.gnu-tools-for-stm32.11.3.rel1.win32_1.1.100.202309141235/tools/bin/../lib/gcc/arm-none-eabi/11.3.1/../../../../arm-none-eabi/lib/thumb/v7e-m+fp/hard/crt0.o (exit)
C:/ST/STM32CubeIDE_1.13.1/STM32CubeIDE/plugins/com.st.stm32cube.ide.mcu.externaltools.gnu-tools-for-stm32.11.3.rel1.win32_1.1.100.202309141235/tools/bin/../lib/gcc/arm-none-eabi/11.3.1/../../../../arm-none-eabi/lib/thumb/v7e-m+fp/hard\libc_nano.a(libc_a-malloc.o)
                              ./Middlewares/ST/STM32_USB_Host_Library/Class/CDC/Src/usbh_cdc.o (malloc)
C:/ST/STM32CubeIDE_1.13.1/STM32CubeIDE/plugins/com.st.stm32cube.ide.mcu.externaltools.gnu-tools-for-stm32.11.3.rel1.win32_1.1.100.202309141235/tools/bin/../lib/gcc/arm-none-eabi/11.3.1/../../../../arm-none-eabi/lib/thumb/v7e-m+fp/hard\libc_nano.a(libc_a-mallocr.o)
                              C:/ST/STM32CubeIDE_1.13.1/STM32CubeIDE/plugins/com.st.stm32cube.ide.mcu.externaltools.gnu-tools-for-stm32.11.3.rel1.win32_1.1.100.202309141235/tools/bin/../lib/gcc/arm-none-eabi/11.3.1/../../../../arm-none-eabi/lib/thumb/v7e-m+fp/hard\libc_nano.a(libc_a-malloc.o) (_malloc_r)
C:/ST/STM32CubeIDE_1.13.1/STM32CubeIDE/plugins/com.st.stm32cube.ide.mcu.externaltools.gnu-tools-for-stm32.11.3.rel1.win32_1.1.100.202309141235/tools/bin/../lib/gcc/arm-none-eabi/11.3.1/../../../../arm-none-eabi/lib/thumb/v7e-m+fp/hard\libc_nano.a(libc_a-mlock.o)
                              C:/ST/STM32CubeIDE_1.13.1/STM32CubeIDE/plugins/com.st.stm32cube.ide.mcu.externaltools.gnu-tools-for-stm32.11.3.rel1.win32_1.1.100.202309141235/tools/bin/../lib/gcc/arm-none-eabi/11.3.1/../../../../arm-none-eabi/lib/thumb/v7e-m+fp/hard\libc_nano.a(libc_a-mallocr.o) (__malloc_lock)
C:/ST/STM32CubeIDE_1.13.1/STM32CubeIDE/plugins/com.st.stm32cube.ide.mcu.externaltools.gnu-tools-for-stm32.11.3.rel1.win32_1.1.100.202309141235/tools/bin/../lib/gcc/arm-none-eabi/11.3.1/../../../../arm-none-eabi/lib/thumb/v7e-m+fp/hard\libc_nano.a(libc_a-findfp.o)
                              ./Middlewares/Third_Party/FreeRTOS/Source/tasks.o (__sf)
C:/ST/STM32CubeIDE_1.13.1/STM32CubeIDE/plugins/com.st.stm32cube.ide.mcu.externaltools.gnu-tools-for-stm32.11.3.rel1.win32_1.1.100.202309141235/tools/bin/../lib/gcc/arm-none-eabi/11.3.1/../../../../arm-none-eabi/lib/thumb/v7e-m+fp/hard\libc_nano.a(libc_a-fwalk.o)
                              C:/ST/STM32CubeIDE_1.13.1/STM32CubeIDE/plugins/com.st.stm32cube.ide.mcu.externaltools.gnu-tools-for-stm32.11.3.rel1.win32_1.1.100.202309141235/tools/bin/../lib/gcc/arm-none-eabi/11.3.1/../../../../arm-none-eabi/lib/thumb/v7e-m+fp/hard\libc_nano.a(libc_a-findfp.o) (_fwalk_sglue)
C:/ST/STM32CubeIDE_1.13.1/STM32CubeIDE/plugins/com.st.stm32cube.ide.mcu.externaltools.gnu-tools-for-stm32.11.3.rel1.win32_1.1.100.202309141235/tools/bin/../lib/gcc/arm-none-eabi/11.3.1/../../../../arm-none-eabi/lib/thumb/v7e-m+fp/hard\libc_nano.a(libc_a-stdio.o)
                              C:/ST/STM32CubeIDE_1.13.1/STM32CubeIDE/plugins/com.st.stm32cube.ide.mcu.externaltools.gnu-tools-for-stm32.11.3.rel1.win32_1.1.100.202309141235/tools/bin/../lib/gcc/arm-none-eabi/11.3.1/../../../../arm-none-eabi/lib/thumb/v7e-m+fp/hard\libc_nano.a(libc_a-findfp.o) (__sread)
C:/ST/STM32CubeIDE_1.13.1/STM32CubeIDE/plugins/com.st.stm32cube.ide.mcu.externaltools.gnu-tools-for-stm32.11.3.rel1.win32_1.1.100.202309141235/tools/bin/../lib/gcc/arm-none-eabi/11.3.1/../../../../arm-none-eabi/lib/thumb/v7e-m+fp/hard\libc_nano.a(libc_a-memset.o)
                              C:/ST/STM32CubeIDE_1.13.1/STM32CubeIDE/plugins/com.st.stm32cube.ide.mcu.externaltools.gnu-tools-for-stm32.11.3.rel1.win32_1.1.100.202309141235/tools/bin/../lib/gcc/arm-none-eabi/11.3.1/../../../../arm-none-eabi/lib/thumb/v7e-m+fp/hard/crt0.o (memset)
C:/ST/STM32CubeIDE_1.13.1/STM32CubeIDE/plugins/com.st.stm32cube.ide.mcu.externaltools.gnu-tools-for-stm32.11.3.rel1.win32_1.1.100.202309141235/tools/bin/../lib/gcc/arm-none-eabi/11.3.1/../../../../arm-none-eabi/lib/thumb/v7e-m+fp/hard\libc_nano.a(libc_a-closer.o)
                              C:/ST/STM32CubeIDE_1.13.1/STM32CubeIDE/plugins/com.st.stm32cube.ide.mcu.externaltools.gnu-tools-for-stm32.11.3.rel1.win32_1.1.100.202309141235/tools/bin/../lib/gcc/arm-none-eabi/11.3.1/../../../../arm-none-eabi/lib/thumb/v7e-m+fp/hard\libc_nano.a(libc_a-stdio.o) (_close_r)
C:/ST/STM32CubeIDE_1.13.1/STM32CubeIDE/plugins/com.st.stm32cube.ide.mcu.externaltools.gnu-tools-for-stm32.11.3.rel1.win32_1.1.100.202309141235/tools/bin/../lib/gcc/arm-none-eabi/11.3.1/../../../../arm-none-eabi/lib/thumb/v7e-m+fp/hard\libc_nano.a(libc_a-reent.o)
[...]
Memory Configuration

Name             Origin             Length             Attributes
CCMRAM           0x0000000010000000 0x0000000000010000 xrw
RAM              0x0000000020000000 0x0000000000030000 xrw
FLASH            0x0000000008000000 0x0000000000200000 xr
*default*        0x0000000000000000 0xffffffffffffffff

Linker script and memory map

LOAD C:/ST/STM32CubeIDE_1.13.1/STM32CubeIDE/plugins/com.st.stm32cube.ide.mcu.externaltools.gnu-tools-for-stm32.11.3.rel1.win32_1.1.100.202309141235/tools/bin/../lib/gcc/arm-none-eabi/11.3.1/thumb/v7e-m+fp/hard/crti.o
LOAD C:/ST/STM32CubeIDE_1.13.1/STM32CubeIDE/plugins/com.st.stm32cube.ide.mcu.externaltools.gnu-tools-for-stm32.11.3.rel1.win32_1.1.100.202309141235/tools/bin/../lib/gcc/arm-none-eabi/11.3.1/thumb/v7e-m+fp/hard/crtbegin.o
LOAD C:/ST/STM32CubeIDE_1.13.1/STM32CubeIDE/plugins/com.st.stm32cube.ide.mcu.externaltools.gnu-tools-for-stm32.11.3.rel1.win32_1.1.100.202309141235/tools/bin/../lib/gcc/arm-none-eabi/11.3.1/../../../../arm-none-eabi/lib/thumb/v7e-m+fp/hard/crt0.o
LOAD ./Core/Src/freertos.o
LOAD ./Core/Src/main.o
LOAD ./Core/Src/stm32f4xx_hal_msp.o
LOAD ./Core/Src/stm32f4xx_hal_timebase_tim.o
LOAD ./Core/Src/stm32f4xx_it.o
LOAD ./Core/Src/syscalls.o
LOAD ./Core/Src/sysmem.o
LOAD ./Core/Src/system_stm32f4xx.o
LOAD ./Core/Startup/startup_stm32f429zitx.o
LOAD ./Drivers/STM32F4xx_HAL_Driver/Src/stm32f4xx_hal.o
LOAD ./Drivers/STM32F4xx_HAL_Driver/Src/stm32f4xx_hal_cortex.o
LOAD ./Drivers/STM32F4xx_HAL_Driver/Src/stm32f4xx_hal_crc.o
LOAD ./Drivers/STM32F4xx_HAL_Driver/Src/stm32f4xx_hal_dma.o
LOAD ./Drivers/STM32F4xx_HAL_Driver/Src/stm32f4xx_hal_dma2d.o
LOAD ./Drivers/STM32F4xx_HAL_Driver/Src/stm32f4xx_hal_dma_ex.o
LOAD ./Drivers/STM32F4xx_HAL_Driver/Src/stm32f4xx_hal_dsi.o
LOAD ./Drivers/STM32F4xx_HAL_Driver/Src/stm32f4xx_hal_exti.o
LOAD ./Drivers/STM32F4xx_HAL_Driver/Src/stm32f4xx_hal_flash.o
LOAD ./Drivers/STM32F4xx_HAL_Driver/Src/stm32f4xx_hal_flash_ex.o
LOAD ./Drivers/STM32F4xx_HAL_Driver/Src/stm32f4xx_hal_flash_ramfunc.o
LOAD ./Drivers/STM32F4xx_HAL_Driver/Src/stm32f4xx_hal_gpio.o
LOAD ./Drivers/STM32F4xx_HAL_Driver/Src/stm32f4xx_hal_hcd.o
LOAD ./Drivers/STM32F4xx_HAL_Driver/Src/stm32f4xx_hal_i2c.o
LOAD ./Drivers/STM32F4xx_HAL_Driver/Src/stm32f4xx_hal_i2c_ex.o
LOAD ./Drivers/STM32F4xx_HAL_Driver/Src/stm32f4xx_hal_ltdc.o
LOAD ./Drivers/STM32F4xx_HAL_Driver/Src/stm32f4xx_hal_ltdc_ex.o
LOAD ./Drivers/STM32F4xx_HAL_Driver/Src/stm32f4xx_hal_pwr.o
LOAD ./Drivers/STM32F4xx_HAL_Driver/Src/stm32f4xx_hal_pwr_ex.o
LOAD ./Drivers/STM32F4xx_HAL_Driver/Src/stm32f4xx_hal_rcc.o
LOAD ./Drivers/STM32F4xx_HAL_Driver/Src/stm32f4xx_hal_rcc_ex.o
LOAD ./Drivers/STM32F4xx_HAL_Driver/Src/stm32f4xx_hal_sdram.o
LOAD ./Drivers/STM32F4xx_HAL_Driver/Src/stm32f4xx_hal_spi.o
LOAD ./Drivers/STM32F4xx_HAL_Driver/Src/stm32f4xx_hal_tim.o
LOAD ./Drivers/STM32F4xx_HAL_Driver/Src/stm32f4xx_hal_tim_ex.o
LOAD ./Drivers/STM32F4xx_HAL_Driver/Src/stm32f4xx_hal_uart.o
LOAD ./Drivers/STM32F4xx_HAL_Driver/Src/stm32f4xx_ll_fmc.o
LOAD ./Drivers/STM32F4xx_HAL_Driver/Src/stm32f4xx_ll_usb.o
LOAD ./Drivers/StpMotor/src/stpMotor.o
LOAD ./Middlewares/Motor_App/src/Mtr_App.o
LOAD ./Middlewares/ST/STM32_USB_Host_Library/Class/CDC/Src/usbh_cdc.o
LOAD ./Middlewares/ST/STM32_USB_Host_Library/Core/Src/usbh_core.o
LOAD ./Middlewares/ST/STM32_USB_Host_Library/Core/Src/usbh_ctlreq.o
LOAD ./Middlewares/ST/STM32_USB_Host_Library/Core/Src/usbh_ioreq.o
LOAD ./Middlewares/ST/STM32_USB_Host_Library/Core/Src/usbh_pipes.o
LOAD ./Middlewares/Third_Party/FreeRTOS/Source/CMSIS_RTOS_V2/cmsis_os2.o
LOAD ./Middlewares/Third_Party/FreeRTOS/Source/croutine.o
LOAD ./Middlewares/Third_Party/FreeRTOS/Source/event_groups.o
LOAD ./Middlewares/Third_Party/FreeRTOS/Source/list.o
LOAD ./Middlewares/Third_Party/FreeRTOS/Source/queue.o
LOAD ./Middlewares/Third_Party/FreeRTOS/Source/stream_buffer.o
LOAD ./Middlewares/Third_Party/FreeRTOS/Source/tasks.o
LOAD ./Middlewares/Third_Party/FreeRTOS/Source/timers.o
LOAD ./Middlewares/Third_Party/FreeRTOS/Source/portable/GCC/ARM_CM4F/port.o
LOAD ./Middlewares/Third_Party/FreeRTOS/Source/portable/MemMang/heap_4.o
LOAD ./USB_HOST/App/usb_host.o
LOAD ./USB_HOST/Target/usbh_conf.o
LOAD ./USB_HOST/Target/usbh_platform.o
START GROUP
LOAD C:/ST/STM32CubeIDE_1.13.1/STM32CubeIDE/plugins/com.st.stm32cube.ide.mcu.externaltools.gnu-tools-for-stm32.11.3.rel1.win32_1.1.100.202309141235/tools/bin/../lib/gcc/arm-none-eabi/11.3.1/../../../../arm-none-eabi/lib/thumb/v7e-m+fp/hard\libc_nano.a
LOAD C:/ST/STM32CubeIDE_1.13.1/STM32CubeIDE/plugins/com.st.stm32cube.ide.mcu.externaltools.gnu-tools-for-stm32.11.3.rel1.win32_1.1.100.202309141235/tools/bin/../lib/gcc/arm-none-eabi/11.3.1/../../../../arm-none-eabi/lib/thumb/v7e-m+fp/hard\libm.a
END GROUP
START GROUP
LOAD C:/ST/STM32CubeIDE_1.13.1/STM32CubeIDE/plugins/com.st.stm32cube.ide.mcu.externaltools.gnu-tools-for-stm32.11.3.rel1.win32_1.1.100.202309141235/tools/bin/../lib/gcc/arm-none-eabi/11.3.1/thumb/v7e-m+fp/hard\libgcc.a
LOAD C:/ST/STM32CubeIDE_1.13.1/STM32CubeIDE/plugins/com.st.stm32cube.ide.mcu.externaltools.gnu-tools-for-stm32.11.3.rel1.win32_1.1.100.202309141235/tools/bin/../lib/gcc/arm-none-eabi/11.3.1/../../../../arm-none-eabi/lib/thumb/v7e-m+fp/hard\libc_nano.a
END GROUP
START GROUP
LOAD C:/ST/STM32CubeIDE_1.13.1/STM32CubeIDE/plugins/com.st.stm32cube.ide.mcu.externaltools.gnu-tools-for-stm32.11.3.rel1.win32_1.1.100.202309141235/tools/bin/../lib/gcc/arm-none-eabi/11.3.1/thumb/v7e-m+fp/hard\libgcc.a
LOAD C:/ST/STM32CubeIDE_1.13.1/STM32CubeIDE/plugins/com.st.stm32cube.ide.mcu.externaltools.gnu-tools-for-stm32.11.3.rel1.win32_1.1.100.202309141235/tools/bin/../lib/gcc/arm-none-eabi/11.3.1/../../../../arm-none-eabi/lib/thumb/v7e-m+fp/hard\libc_nano.a
LOAD C:/ST/STM32CubeIDE_1.13.1/STM32CubeIDE/plugins/com.st.stm32cube.ide.mcu.externaltools.gnu-tools-for-stm32.11.3.rel1.win32_1.1.100.202309141235/tools/bin/../lib/gcc/arm-none-eabi/11.3.1/../../../../arm-none-eabi/lib/thumb/v7e-m+fp/hard\libnosys.a
END GROUP
START GROUP
LOAD C:/ST/STM32CubeIDE_1.13.1/STM32CubeIDE/plugins/com.st.stm32cube.ide.mcu.externaltools.gnu-tools-for-stm32.11.3.rel1.win32_1.1.100.202309141235/tools/bin/../lib/gcc/arm-none-eabi/11.3.1/thumb/v7e-m+fp/hard\libgcc.a
LOAD C:/ST/STM32CubeIDE_1.13.1/STM32CubeIDE/plugins/com.st.stm32cube.ide.mcu.externaltools.gnu-tools-for-stm32.11.3.rel1.win32_1.1.100.202309141235/tools/bin/../lib/gcc/arm-none-eabi/11.3.1/../../../../arm-none-eabi/lib/thumb/v7e-m+fp/hard\libc_nano.a
LOAD C:/ST/STM32CubeIDE_1.13.1/STM32CubeIDE/plugins/com.st.stm32cube.ide.mcu.externaltools.gnu-tools-for-stm32.11.3.rel1.win32_1.1.100.202309141235/tools/bin/../lib/gcc/arm-none-eabi/11.3.1/../../../../arm-none-eabi/lib/thumb/v7e-m+fp/hard\libnosys.a
END GROUP
LOAD C:/ST/STM32CubeIDE_1.13.1/STM32CubeIDE/plugins/com.st.stm32cube.ide.mcu.externaltools.gnu-tools-for-stm32.11.3.rel1.win32_1.1.100.202309141235/tools/bin/../lib/gcc/arm-none-eabi/11.3.1/thumb/v7e-m+fp/hard/crtend.o
LOAD C:/ST/STM32CubeIDE_1.13.1/STM32CubeIDE/plugins/com.st.stm32cube.ide.mcu.externaltools.gnu-tools-for-stm32.11.3.rel1.win32_1.1.100.202309141235/tools/bin/../lib/gcc/arm-none-eabi/11.3.1/thumb/v7e-m+fp/hard/crtn.o
                0x0000000020030000                _estack = (ORIGIN (RAM) + LENGTH (RAM))
                0x0000000000000200                _Min_Heap_Size = 0x200
                0x0000000000000400                _Min_Stack_Size = 0x400

.isr_vector     0x0000000008000000      0x1ac
                0x0000000008000000                . = ALIGN (0x4)
 *(.isr_vector)
 .isr_vector    0x0000000008000000      0x1ac ./Core/Startup/startup_stm32f429zitx.o
                0x0000000008000000                g_pfnVectors
                0x00000000080001ac                . = ALIGN (0x4)

.text           0x00000000080001b0     0xe3ac
                0x00000000080001b0                . = ALIGN (0x4)
 *(.text)
 .text          0x00000000080001b0       0x40 C:/ST/STM32CubeIDE_1.13.1/STM32CubeIDE/plugins/com.st.stm32cube.ide.mcu.externaltools.gnu-tools-for-stm32.11.3.rel1.win32_1.1.100.202309141235/tools/bin/../lib/gcc/arm-none-eabi/11.3.1/thumb/v7e-m+fp/hard/crtbegin.o
 .text          0x00000000080001f0       0x30 C:/ST/STM32CubeIDE_1.13.1/STM32CubeIDE/plugins/com.st.stm32cube.ide.mcu.externaltools.gnu-tools-for-stm32.11.3.rel1.win32_1.1.100.202309141235/tools/bin/../lib/gcc/arm-none-eabi/11.3.1/thumb/v7e-m+fp/hard\libgcc.a(_aeabi_uldivmod.o)
                0x00000000080001f0                __aeabi_uldivmod
 .text          0x0000000008000220      0x2c8 C:/ST/STM32CubeIDE_1.13.1/STM32CubeIDE/plugins/com.st.stm32cube.ide.mcu.externaltools.gnu-tools-for-stm32.11.3.rel1.win32_1.1.100.202309141235/tools/bin/../lib/gcc/arm-none-eabi/11.3.1/thumb/v7e-m+fp/hard\libgcc.a(_udivmoddi4.o)
                0x0000000008000220                __udivmoddi4
 .text          0x00000000080004e8        0x4 C:/ST/STM32CubeIDE_1.13.1/STM32CubeIDE/plugins/com.st.stm32cube.ide.mcu.externaltools.gnu-tools-for-stm32.11.3.rel1.win32_1.1.100.202309141235/tools/bin/../lib/gcc/arm-none-eabi/11.3.1/thumb/v7e-m+fp/hard\libgcc.a(_dvmd_tls.o)
                0x00000000080004e8                __aeabi_idiv0
                0x00000000080004e8                __aeabi_ldiv0
 *(.text*)
 .text.vApplicationIdleHook
                0x00000000080004ec        0xe ./Core/Src/freertos.o
                0x00000000080004ec                vApplicationIdleHook
 .text.vApplicationStackOverflowHook
                0x00000000080004fa       0x16 ./Core/Src/freertos.o
                0x00000000080004fa                vApplicationStackOverflowHook
 .text.vApplicationMallocFailedHook
                0x0000000008000510        0xe ./Core/Src/freertos.o
                0x0000000008000510                vApplicationMallocFailedHook
 *fill*         0x000000000800051e        0x2 
 .text.main     0x0000000008000520       0x5c ./Core/Src/main.o
                0x0000000008000520                main
 .text.SystemClock_Config
                0x000000000800057c       0xd4 ./Core/Src/main.o
                0x000000000800057c                SystemClock_Config
 .text.MX_CRC_Init
                0x0000000008000650       0x28 ./Core/Src/main.o
 .text.MX_DMA2D_Init
                0x0000000008000678       0x64 ./Core/Src/main.o
 .text.MX_I2C3_Init
                0x00000000080006dc       0x80 ./Core/Src/main.o
 .text.MX_LTDC_Init
                0x000000000800075c      0x100 ./Core/Src/main.o
 .text.MX_SPI5_Init
                0x000000000800085c       0x6c ./Core/Src/main.o
 .text.MX_TIM1_Init
                0x00000000080008c8       0xa0 ./Core/Src/main.o
 .text.MX_TIM4_Init
                0x0000000008000968       0xb4 ./Core/Src/main.o
 .text.MX_USART1_UART_Init
                0x0000000008000a1c       0x54 ./Core/Src/main.o
 .text.MX_FMC_Init
                0x0000000008000a70       0xa0 ./Core/Src/main.o
 .text.MX_GPIO_Init
                0x0000000008000b10      0x2b8 ./Core/Src/main.o
 .text.Task_action
                0x0000000008000dc8       0x3c ./Core/Src/main.o
                0x0000000008000dc8                Task_action
 .text.HAL_GPIO_EXTI_Callback
                0x0000000008000e04       0x16 ./Core/Src/main.o
                0x0000000008000e04                HAL_GPIO_EXTI_Callback
 *fill*         0x0000000008000e1a        0x2 
 .text.StartDefaultTask
                0x0000000008000e1c       0xb4 ./Core/Src/main.o
                0x0000000008000e1c                StartDefaultTask
 .text.HAL_TIM_PeriodElapsedCallback
                0x0000000008000ed0       0x24 ./Core/Src/main.o
                0x0000000008000ed0                HAL_TIM_PeriodElapsedCallback
 .text.Error_Handler
                0x0000000008000ef4        0xa ./Core/Src/main.o
                0x0000000008000ef4                Error_Handler
 *fill*         0x0000000008000efe        0x2 
 .text.HAL_MspInit
                0x0000000008000f00       0x58 ./Core/Src/stm32f4xx_hal_msp.o
                0x0000000008000f00                HAL_MspInit
 .text.HAL_CRC_MspInit
                0x0000000008000f58       0x44 ./Core/Src/stm32f4xx_hal_msp.o
                0x0000000008000f58                HAL_CRC_MspInit
 .text.HAL_DMA2D_MspInit
                0x0000000008000f9c       0x50 ./Core/Src/stm32f4xx_hal_msp.o
                0x0000000008000f9c                HAL_DMA2D_MspInit
 .text.HAL_I2C_MspInit
                0x0000000008000fec       0xd4 ./Core/Src/stm32f4xx_hal_msp.o
                0x0000000008000fec                HAL_I2C_MspInit
 .text.HAL_LTDC_MspInit
                0x00000000080010c0      0x260 ./Core/Src/stm32f4xx_hal_msp.o
                0x00000000080010c0                HAL_LTDC_MspInit
 .text.HAL_SPI_MspInit
                0x0000000008001320       0x90 ./Core/Src/stm32f4xx_hal_msp.o
                0x0000000008001320                HAL_SPI_MspInit
 .text.HAL_TIM_Base_MspInit
                0x00000000080013b0       0x44 ./Core/Src/stm32f4xx_hal_msp.o
                0x00000000080013b0                HAL_TIM_Base_MspInit
 .text.HAL_TIM_PWM_MspInit
                0x00000000080013f4       0x44 ./Core/Src/stm32f4xx_hal_msp.o
                0x00000000080013f4                HAL_TIM_PWM_MspInit
 .text.HAL_TIM_MspPostInit
                0x0000000008001438       0x74 ./Core/Src/stm32f4xx_hal_msp.o
                0x0000000008001438                HAL_TIM_MspPostInit
 .text.HAL_UART_MspInit
                0x00000000080014ac       0xa0 ./Core/Src/stm32f4xx_hal_msp.o
                0x00000000080014ac                HAL_UART_MspInit
 .text.HAL_FMC_MspInit
                0x000000000800154c      0x124 ./Core/Src/stm32f4xx_hal_msp.o
 .text.HAL_SDRAM_MspInit
                0x0000000008001670       0x14 ./Core/Src/stm32f4xx_hal_msp.o
                0x0000000008001670                HAL_SDRAM_MspInit
 .text.HAL_InitTick
                0x0000000008001684       0xf8 ./Core/Src/stm32f4xx_hal_timebase_tim.o
                0x0000000008001684                HAL_InitTick
 .text.NMI_Handler
                0x000000000800177c        0x6 ./Core/Src/stm32f4xx_it.o
                0x000000000800177c                NMI_Handler
 .text.HardFault_Handler
                0x0000000008001782        0x6 ./Core/Src/stm32f4xx_it.o
                0x0000000008001782                HardFault_Handler
 .text.MemManage_Handler
                0x0000000008001788        0x6 ./Core/Src/stm32f4xx_it.o
                0x0000000008001788                MemManage_Handler
 .text.BusFault_Handler
                0x000000000800178e        0x6 ./Core/Src/stm32f4xx_it.o
                0x000000000800178e                BusFault_Handler
 .text.UsageFault_Handler
                0x0000000008001794        0x6 ./Core/Src/stm32f4xx_it.o
                0x0000000008001794                UsageFault_Handler
 .text.DebugMon_Handler
                0x000000000800179a        0xe ./Core/Src/stm32f4xx_it.o
                0x000000000800179a                DebugMon_Handler
 .text.EXTI2_IRQHandler
                0x00000000080017a8        0xe ./Core/Src/stm32f4xx_it.o
                0x00000000080017a8                EXTI2_IRQHandler
 *fill*         0x00000000080017b6        0x2 
 .text.USART1_IRQHandler
                0x00000000080017b8       0x14 ./Core/Src/stm32f4xx_it.o
                0x00000000080017b8                USART1_IRQHandler
 .text.TIM6_DAC_IRQHandler
                0x00000000080017cc       0x14 ./Core/Src/stm32f4xx_it.o
                0x00000000080017cc                TIM6_DAC_IRQHandler
 .text.OTG_HS_IRQHandler
                0x00000000080017e0       0x14 ./Core/Src/stm32f4xx_it.o
                0x00000000080017e0                OTG_HS_IRQHandler
 .text.LTDC_IRQHandler
                0x00000000080017f4       0x14 ./Core/Src/stm32f4xx_it.o
                0x00000000080017f4                LTDC_IRQHandler
 .text.DMA2D_IRQHandler
                0x0000000008001808       0x14 ./Core/Src/stm32f4xx_it.o
                0x0000000008001808                DMA2D_IRQHandler
 .text._sbrk    0x000000000800181c       0x6c ./Core/Src/sysmem.o
                0x000000000800181c                _sbrk
 .text.SystemInit
                0x0000000008001888       0x24 ./Core/Src/system_stm32f4xx.o
                0x0000000008001888                SystemInit
 .text.Reset_Handler
                0x00000000080018ac       0x50 ./Core/Startup/startup_stm32f429zitx.o
                0x00000000080018ac                Reset_Handler
 .text.Default_Handler
                0x00000000080018fc        0x2 ./Core/Startup/startup_stm32f429zitx.o
                0x00000000080018fc                RTC_Alarm_IRQHandler
                0x00000000080018fc                HASH_RNG_IRQHandler
                0x00000000080018fc                TIM8_CC_IRQHandler
                0x00000000080018fc                UART8_IRQHandler
                0x00000000080018fc                SPI4_IRQHandler
                0x00000000080018fc                TIM1_CC_IRQHandler
                0x00000000080018fc                DMA2_Stream5_IRQHandler
                0x00000000080018fc                DMA1_Stream5_IRQHandler
                0x00000000080018fc                PVD_IRQHandler
                0x00000000080018fc                SDIO_IRQHandler
                0x00000000080018fc                TAMP_STAMP_IRQHandler
                0x00000000080018fc                CAN2_RX1_IRQHandler
                0x00000000080018fc                EXTI3_IRQHandler
                0x00000000080018fc                TIM8_TRG_COM_TIM14_IRQHandler
                0x00000000080018fc                TIM1_UP_TIM10_IRQHandler
                0x00000000080018fc                TIM8_UP_TIM13_IRQHandler
                0x00000000080018fc                I2C3_ER_IRQHandler
                0x00000000080018fc                EXTI0_IRQHandler
                0x00000000080018fc                I2C2_EV_IRQHandler
                0x00000000080018fc                DMA1_Stream2_IRQHandler
                0x00000000080018fc                CAN1_RX0_IRQHandler
                0x00000000080018fc                FPU_IRQHandler
                0x00000000080018fc                OTG_HS_WKUP_IRQHandler
                0x00000000080018fc                LTDC_ER_IRQHandler
                0x00000000080018fc                CAN2_SCE_IRQHandler
                0x00000000080018fc                DMA2_Stream2_IRQHandler
                0x00000000080018fc                SPI1_IRQHandler
                0x00000000080018fc                TIM1_BRK_TIM9_IRQHandler
                0x00000000080018fc                DCMI_IRQHandler
                0x00000000080018fc                CAN2_RX0_IRQHandler
                0x00000000080018fc                DMA2_Stream3_IRQHandler
                0x00000000080018fc                USART6_IRQHandler
                0x00000000080018fc                USART3_IRQHandler
                0x00000000080018fc                CAN1_RX1_IRQHandler
                0x00000000080018fc                UART5_IRQHandler
                0x00000000080018fc                DMA2_Stream0_IRQHandler
                0x00000000080018fc                TIM4_IRQHandler
                0x00000000080018fc                I2C1_EV_IRQHandler
                0x00000000080018fc                DMA1_Stream6_IRQHandler
                0x00000000080018fc                DMA1_Stream1_IRQHandler
                0x00000000080018fc                UART4_IRQHandler
                0x00000000080018fc                TIM3_IRQHandler
                0x00000000080018fc                RCC_IRQHandler
                0x00000000080018fc                TIM8_BRK_TIM12_IRQHandler
                0x00000000080018fc                Default_Handler
                0x00000000080018fc                EXTI15_10_IRQHandler
                0x00000000080018fc                ADC_IRQHandler
                0x00000000080018fc                DMA1_Stream7_IRQHandler
                0x00000000080018fc                SPI5_IRQHandler
                0x00000000080018fc                TIM7_IRQHandler
                0x00000000080018fc                CAN2_TX_IRQHandler
                0x00000000080018fc                TIM5_IRQHandler
                0x00000000080018fc                DMA2_Stream7_IRQHandler
                0x00000000080018fc                I2C3_EV_IRQHandler
                0x00000000080018fc                EXTI9_5_IRQHandler
                0x00000000080018fc                RTC_WKUP_IRQHandler
                0x00000000080018fc                ETH_WKUP_IRQHandler
                0x00000000080018fc                SPI2_IRQHandler
                0x00000000080018fc                OTG_HS_EP1_IN_IRQHandler
                0x00000000080018fc                DMA1_Stream0_IRQHandler
                0x00000000080018fc                CAN1_TX_IRQHandler
                0x00000000080018fc                EXTI4_IRQHandler
                0x00000000080018fc                ETH_IRQHandler
                0x00000000080018fc                OTG_HS_EP1_OUT_IRQHandler
                0x00000000080018fc                WWDG_IRQHandler
                0x00000000080018fc                SPI6_IRQHandler
                0x00000000080018fc                TIM2_IRQHandler
                0x00000000080018fc                OTG_FS_WKUP_IRQHandler
                0x00000000080018fc                TIM1_TRG_COM_TIM11_IRQHandler
                0x00000000080018fc                EXTI1_IRQHandler
                0x00000000080018fc                UART7_IRQHandler
                0x00000000080018fc                USART2_IRQHandler
                0x00000000080018fc                I2C2_ER_IRQHandler
                0x00000000080018fc                DMA2_Stream1_IRQHandler
                0x00000000080018fc                CAN1_SCE_IRQHandler
                0x00000000080018fc                FLASH_IRQHandler
                0x00000000080018fc                DMA2_Stream4_IRQHandler
                0x00000000080018fc                OTG_FS_IRQHandler
                0x00000000080018fc                SPI3_IRQHandler
                0x00000000080018fc                DMA1_Stream4_IRQHandler
                0x00000000080018fc                I2C1_ER_IRQHandler
                0x00000000080018fc                FMC_IRQHandler
                0x00000000080018fc                DMA2_Stream6_IRQHandler
                0x00000000080018fc                SAI1_IRQHandler
                0x00000000080018fc                DMA1_Stream3_IRQHandler
 *fill*         0x00000000080018fe        0x2 
 .text.HAL_Init
                0x0000000008001900       0x44 ./Drivers/STM32F4xx_HAL_Driver/Src/stm32f4xx_hal.o
                0x0000000008001900                HAL_Init
 .text.HAL_IncTick
                0x0000000008001944       0x28 ./Drivers/STM32F4xx_HAL_Driver/Src/stm32f4xx_hal.o
                0x0000000008001944                HAL_IncTick
 .text.HAL_GetTick
                0x000000000800196c       0x18 ./Drivers/STM32F4xx_HAL_Driver/Src/stm32f4xx_hal.o
                0x000000000800196c                HAL_GetTick
 .text.HAL_Delay
                0x0000000008001984       0x48 ./Drivers/STM32F4xx_HAL_Driver/Src/stm32f4xx_hal.o
                0x0000000008001984                HAL_Delay
 .text.__NVIC_SetPriorityGrouping
                0x00000000080019cc       0x48 ./Drivers/STM32F4xx_HAL_Driver/Src/stm32f4xx_hal_cortex.o
 .text.__NVIC_GetPriorityGrouping
                0x0000000008001a14       0x1c ./Drivers/STM32F4xx_HAL_Driver/Src/stm32f4xx_hal_cortex.o
 .text.__NVIC_EnableIRQ
                0x0000000008001a30       0x3c ./Drivers/STM32F4xx_HAL_Driver/Src/stm32f4xx_hal_cortex.o
 .text.__NVIC_SetPriority
                0x0000000008001a6c       0x54 ./Drivers/STM32F4xx_HAL_Driver/Src/stm32f4xx_hal_cortex.o
 .text.NVIC_EncodePriority
                0x0000000008001ac0       0x66 ./Drivers/STM32F4xx_HAL_Driver/Src/stm32f4xx_hal_cortex.o
 .text.HAL_NVIC_SetPriorityGrouping
                0x0000000008001b26       0x16 ./Drivers/STM32F4xx_HAL_Driver/Src/stm32f4xx_hal_cortex.o
                0x0000000008001b26                HAL_NVIC_SetPriorityGrouping
 .text.HAL_NVIC_SetPriority
                0x0000000008001b3c       0x38 ./Drivers/STM32F4xx_HAL_Driver/Src/stm32f4xx_hal_cortex.o
                0x0000000008001b3c                HAL_NVIC_SetPriority
 .text.HAL_NVIC_EnableIRQ
                0x0000000008001b74       0x1c ./Drivers/STM32F4xx_HAL_Driver/Src/stm32f4xx_hal_cortex.o
                0x0000000008001b74                HAL_NVIC_EnableIRQ
 .text.HAL_CRC_Init
                0x0000000008001b90       0x38 ./Drivers/STM32F4xx_HAL_Driver/Src/stm32f4xx_hal_crc.o
                0x0000000008001b90                HAL_CRC_Init
 .text.HAL_DMA_Abort
                0x0000000008001bc8       0xe0 ./Drivers/STM32F4xx_HAL_Driver/Src/stm32f4xx_hal_dma.o
                0x0000000008001bc8                HAL_DMA_Abort
 .text.HAL_DMA_Abort_IT
                0x0000000008001ca8       0x44 ./Drivers/STM32F4xx_HAL_Driver/Src/stm32f4xx_hal_dma.o
                0x0000000008001ca8                HAL_DMA_Abort_IT
 .text.HAL_DMA2D_Init
                0x0000000008001cec       0x92 ./Drivers/STM32F4xx_HAL_Driver/Src/stm32f4xx_hal_dma2d.o
                0x0000000008001cec                HAL_DMA2D_Init
 .text.HAL_DMA2D_IRQHandler
                0x0000000008001d7e      0x1f8 ./Drivers/STM32F4xx_HAL_Driver/Src/stm32f4xx_hal_dma2d.o
                0x0000000008001d7e                HAL_DMA2D_IRQHandler
 .text.HAL_DMA2D_LineEventCallback
                0x0000000008001f76       0x14 ./Drivers/STM32F4xx_HAL_Driver/Src/stm32f4xx_hal_dma2d.o
                0x0000000008001f76                HAL_DMA2D_LineEventCallback
 .text.HAL_DMA2D_CLUTLoadingCpltCallback
                0x0000000008001f8a       0x14 ./Drivers/STM32F4xx_HAL_Driver/Src/stm32f4xx_hal_dma2d.o
                0x0000000008001f8a                HAL_DMA2D_CLUTLoadingCpltCallback
 *fill*         0x0000000008001f9e        0x2 
 .text.HAL_DMA2D_ConfigLayer
                0x0000000008001fa0      0x124 ./Drivers/STM32F4xx_HAL_Driver/Src/stm32f4xx_hal_dma2d.o
                0x0000000008001fa0                HAL_DMA2D_ConfigLayer
 .text.HAL_GPIO_Init
                0x00000000080020c4      0x358 ./Drivers/STM32F4xx_HAL_Driver/Src/stm32f4xx_hal_gpio.o
                0x00000000080020c4                HAL_GPIO_Init
 .text.HAL_GPIO_WritePin
                0x000000000800241c       0x32 ./Drivers/STM32F4xx_HAL_Driver/Src/stm32f4xx_hal_gpio.o
                0x000000000800241c                HAL_GPIO_WritePin
 .text.HAL_GPIO_TogglePin
                0x000000000800244e       0x34 ./Drivers/STM32F4xx_HAL_Driver/Src/stm32f4xx_hal_gpio.o
                0x000000000800244e                HAL_GPIO_TogglePin
 *fill*         0x0000000008002482        0x2 
 .text.HAL_GPIO_EXTI_IRQHandler
                0x0000000008002484       0x30 ./Drivers/STM32F4xx_HAL_Driver/Src/stm32f4xx_hal_gpio.o
                0x0000000008002484                HAL_GPIO_EXTI_IRQHandler
 .text.HAL_HCD_Init
                0x00000000080024b4       0xc4 ./Drivers/STM32F4xx_HAL_Driver/Src/stm32f4xx_hal_hcd.o
                0x00000000080024b4                HAL_HCD_Init
 .text.HAL_HCD_HC_Init
                0x0000000008002578      0x11e ./Drivers/STM32F4xx_HAL_Driver/Src/stm32f4xx_hal_hcd.o
                0x0000000008002578                HAL_HCD_HC_Init
 .text.HAL_HCD_HC_Halt
                0x0000000008002696       0x46 ./Drivers/STM32F4xx_HAL_Driver/Src/stm32f4xx_hal_hcd.o
                0x0000000008002696                HAL_HCD_HC_Halt
 .text.HAL_HCD_HC_SubmitRequest
                0x00000000080026dc      0x2ac ./Drivers/STM32F4xx_HAL_Driver/Src/stm32f4xx_hal_hcd.o
                0x00000000080026dc                HAL_HCD_HC_SubmitRequest
 .text.HAL_HCD_IRQHandler
                0x0000000008002988      0x216 ./Drivers/STM32F4xx_HAL_Driver/Src/stm32f4xx_hal_hcd.o
                0x0000000008002988                HAL_HCD_IRQHandler
 .text.HAL_HCD_Start
                0x0000000008002b9e       0x46 ./Drivers/STM32F4xx_HAL_Driver/Src/stm32f4xx_hal_hcd.o
                0x0000000008002b9e                HAL_HCD_Start
 .text.HAL_HCD_Stop
                0x0000000008002be4       0x3a ./Drivers/STM32F4xx_HAL_Driver/Src/stm32f4xx_hal_hcd.o
                0x0000000008002be4                HAL_HCD_Stop
 .text.HAL_HCD_ResetPort
                0x0000000008002c1e       0x1c ./Drivers/STM32F4xx_HAL_Driver/Src/stm32f4xx_hal_hcd.o
                0x0000000008002c1e                HAL_HCD_ResetPort
 .text.HAL_HCD_HC_GetURBState
                0x0000000008002c3a       0x28 ./Drivers/STM32F4xx_HAL_Driver/Src/stm32f4xx_hal_hcd.o
                0x0000000008002c3a                HAL_HCD_HC_GetURBState
 .text.HAL_HCD_HC_GetXferCount
                0x0000000008002c62       0x28 ./Drivers/STM32F4xx_HAL_Driver/Src/stm32f4xx_hal_hcd.o
                0x0000000008002c62                HAL_HCD_HC_GetXferCount
 .text.HAL_HCD_GetCurrentFrame
                0x0000000008002c8a       0x1c ./Drivers/STM32F4xx_HAL_Driver/Src/stm32f4xx_hal_hcd.o
                0x0000000008002c8a                HAL_HCD_GetCurrentFrame
 .text.HAL_HCD_GetCurrentSpeed
                0x0000000008002ca6       0x1c ./Drivers/STM32F4xx_HAL_Driver/Src/stm32f4xx_hal_hcd.o
                0x0000000008002ca6                HAL_HCD_GetCurrentSpeed
 .text.HCD_HC_IN_IRQHandler
                0x0000000008002cc2      0x6aa ./Drivers/STM32F4xx_HAL_Driver/Src/stm32f4xx_hal_hcd.o
 .text.HCD_HC_OUT_IRQHandler
                0x000000000800336c      0x6d2 ./Drivers/STM32F4xx_HAL_Driver/Src/stm32f4xx_hal_hcd.o
 .text.HCD_RXQLVL_IRQHandler
                0x0000000008003a3e      0x1a4 ./Drivers/STM32F4xx_HAL_Driver/Src/stm32f4xx_hal_hcd.o
 .text.HCD_Port_IRQHandler
                0x0000000008003be2       0xe6 ./Drivers/STM32F4xx_HAL_Driver/Src/stm32f4xx_hal_hcd.o
 .text.HAL_I2C_Init
                0x0000000008003cc8      0x288 ./Drivers/STM32F4xx_HAL_Driver/Src/stm32f4xx_hal_i2c.o
                0x0000000008003cc8                HAL_I2C_Init
 .text.HAL_I2CEx_ConfigAnalogFilter
                0x0000000008003f50       0x78 ./Drivers/STM32F4xx_HAL_Driver/Src/stm32f4xx_hal_i2c_ex.o
                0x0000000008003f50                HAL_I2CEx_ConfigAnalogFilter
 .text.HAL_I2CEx_ConfigDigitalFilter
                0x0000000008003fc8       0x7e ./Drivers/STM32F4xx_HAL_Driver/Src/stm32f4xx_hal_i2c_ex.o
                0x0000000008003fc8                HAL_I2CEx_ConfigDigitalFilter
 *fill*         0x0000000008004046        0x2 
 .text.HAL_LTDC_Init
                0x0000000008004048      0x1a0 ./Drivers/STM32F4xx_HAL_Driver/Src/stm32f4xx_hal_ltdc.o
                0x0000000008004048                HAL_LTDC_Init
 .text.HAL_LTDC_IRQHandler
                0x00000000080041e8      0x148 ./Drivers/STM32F4xx_HAL_Driver/Src/stm32f4xx_hal_ltdc.o
                0x00000000080041e8                HAL_LTDC_IRQHandler
 .text.HAL_LTDC_ErrorCallback
                0x0000000008004330       0x14 ./Drivers/STM32F4xx_HAL_Driver/Src/stm32f4xx_hal_ltdc.o
                0x0000000008004330                HAL_LTDC_ErrorCallback
 .text.HAL_LTDC_LineEventCallback
                0x0000000008004344       0x14 ./Drivers/STM32F4xx_HAL_Driver/Src/stm32f4xx_hal_ltdc.o
                0x0000000008004344                HAL_LTDC_LineEventCallback
 .text.HAL_LTDC_ReloadEventCallback
                0x0000000008004358       0x14 ./Drivers/STM32F4xx_HAL_Driver/Src/stm32f4xx_hal_ltdc.o
                0x0000000008004358                HAL_LTDC_ReloadEventCallback
 .text.HAL_LTDC_ConfigLayer
                0x000000000800436c       0x7c ./Drivers/STM32F4xx_HAL_Driver/Src/stm32f4xx_hal_ltdc.o
                0x000000000800436c                HAL_LTDC_ConfigLayer
 .text.LTDC_SetConfig
                0x00000000080043e8      0x32e ./Drivers/STM32F4xx_HAL_Driver/Src/stm32f4xx_hal_ltdc.o
 *fill*         0x0000000008004716        0x2 
 .text.HAL_RCC_OscConfig
                0x0000000008004718      0x4f0 ./Drivers/STM32F4xx_HAL_Driver/Src/stm32f4xx_hal_rcc.o
                0x0000000008004718                HAL_RCC_OscConfig
 .text.HAL_RCC_ClockConfig
                0x0000000008004c08      0x1cc ./Drivers/STM32F4xx_HAL_Driver/Src/stm32f4xx_hal_rcc.o
                0x0000000008004c08                HAL_RCC_ClockConfig
 .text.HAL_RCC_GetSysClockFreq
                0x0000000008004dd4      0x20c ./Drivers/STM32F4xx_HAL_Driver/Src/stm32f4xx_hal_rcc.o
                0x0000000008004dd4                HAL_RCC_GetSysClockFreq
 .text.HAL_RCC_GetHCLKFreq
                0x0000000008004fe0       0x18 ./Drivers/STM32F4xx_HAL_Driver/Src/stm32f4xx_hal_rcc.o
                0x0000000008004fe0                HAL_RCC_GetHCLKFreq
 .text.HAL_RCC_GetPCLK1Freq
                0x0000000008004ff8       0x28 ./Drivers/STM32F4xx_HAL_Driver/Src/stm32f4xx_hal_rcc.o
                0x0000000008004ff8                HAL_RCC_GetPCLK1Freq
 .text.HAL_RCC_GetPCLK2Freq
                0x0000000008005020       0x28 ./Drivers/STM32F4xx_HAL_Driver/Src/stm32f4xx_hal_rcc.o
                0x0000000008005020                HAL_RCC_GetPCLK2Freq
 .text.HAL_RCC_GetClockConfig
                0x0000000008005048       0x64 ./Drivers/STM32F4xx_HAL_Driver/Src/stm32f4xx_hal_rcc.o
                0x0000000008005048                HAL_RCC_GetClockConfig
 .text.HAL_RCCEx_PeriphCLKConfig
                0x00000000080050ac      0x380 ./Drivers/STM32F4xx_HAL_Driver/Src/stm32f4xx_hal_rcc_ex.o
                0x00000000080050ac                HAL_RCCEx_PeriphCLKConfig
 .text.HAL_SDRAM_Init
                0x000000000800542c       0x68 ./Drivers/STM32F4xx_HAL_Driver/Src/stm32f4xx_hal_sdram.o
                0x000000000800542c                HAL_SDRAM_Init
 .text.HAL_SPI_Init
                0x0000000008005494      0x112 ./Drivers/STM32F4xx_HAL_Driver/Src/stm32f4xx_hal_spi.o
                0x0000000008005494                HAL_SPI_Init
 .text.HAL_TIM_Base_Init
                0x00000000080055a6       0x9e ./Drivers/STM32F4xx_HAL_Driver/Src/stm32f4xx_hal_tim.o
                0x00000000080055a6                HAL_TIM_Base_Init
 .text.HAL_TIM_Base_Start_IT
                0x0000000008005644       0xe0 ./Drivers/STM32F4xx_HAL_Driver/Src/stm32f4xx_hal_tim.o
                0x0000000008005644                HAL_TIM_Base_Start_IT
 .text.HAL_TIM_PWM_Init
                0x0000000008005724       0x9e ./Drivers/STM32F4xx_HAL_Driver/Src/stm32f4xx_hal_tim.o
                0x0000000008005724                HAL_TIM_PWM_Init
 .text.HAL_TIM_IRQHandler
                0x00000000080057c2      0x210 ./Drivers/STM32F4xx_HAL_Driver/Src/stm32f4xx_hal_tim.o
                0x00000000080057c2                HAL_TIM_IRQHandler
 *fill*         0x00000000080059d2        0x2 
 .text.HAL_TIM_PWM_ConfigChannel
                0x00000000080059d4      0x184 ./Drivers/STM32F4xx_HAL_Driver/Src/stm32f4xx_hal_tim.o
                0x00000000080059d4                HAL_TIM_PWM_ConfigChannel
 .text.HAL_TIM_ConfigClockSource
                0x0000000008005b58      0x18e ./Drivers/STM32F4xx_HAL_Driver/Src/stm32f4xx_hal_tim.o
                0x0000000008005b58                HAL_TIM_ConfigClockSource
 .text.HAL_TIM_OC_DelayElapsedCallback
                0x0000000008005ce6       0x14 ./Drivers/STM32F4xx_HAL_Driver/Src/stm32f4xx_hal_tim.o
                0x0000000008005ce6                HAL_TIM_OC_DelayElapsedCallback
 .text.HAL_TIM_IC_CaptureCallback
                0x0000000008005cfa       0x14 ./Drivers/STM32F4xx_HAL_Driver/Src/stm32f4xx_hal_tim.o
                0x0000000008005cfa                HAL_TIM_IC_CaptureCallback
 .text.HAL_TIM_PWM_PulseFinishedCallback
                0x0000000008005d0e       0x14 ./Drivers/STM32F4xx_HAL_Driver/Src/stm32f4xx_hal_tim.o
                0x0000000008005d0e                HAL_TIM_PWM_PulseFinishedCallback
 .text.HAL_TIM_TriggerCallback
                0x0000000008005d22       0x14 ./Drivers/STM32F4xx_HAL_Driver/Src/stm32f4xx_hal_tim.o
                0x0000000008005d22                HAL_TIM_TriggerCallback
 *fill*         0x0000000008005d36        0x2 
 .text.TIM_Base_SetConfig
                0x0000000008005d38      0x140 ./Drivers/STM32F4xx_HAL_Driver/Src/stm32f4xx_hal_tim.o
                0x0000000008005d38                TIM_Base_SetConfig
 .text.TIM_OC1_SetConfig
                0x0000000008005e78       0xe0 ./Drivers/STM32F4xx_HAL_Driver/Src/stm32f4xx_hal_tim.o
 .text.TIM_OC2_SetConfig
                0x0000000008005f58       0xec ./Drivers/STM32F4xx_HAL_Driver/Src/stm32f4xx_hal_tim.o
                0x0000000008005f58                TIM_OC2_SetConfig
 .text.TIM_OC3_SetConfig
                0x0000000008006044       0xe8 ./Drivers/STM32F4xx_HAL_Driver/Src/stm32f4xx_hal_tim.o
 .text.TIM_OC4_SetConfig
                0x000000000800612c       0xac ./Drivers/STM32F4xx_HAL_Driver/Src/stm32f4xx_hal_tim.o
 .text.TIM_TI1_ConfigInputStage
                0x00000000080061d8       0x5e ./Drivers/STM32F4xx_HAL_Driver/Src/stm32f4xx_hal_tim.o
 .text.TIM_TI2_ConfigInputStage
                0x0000000008006236       0x60 ./Drivers/STM32F4xx_HAL_Driver/Src/stm32f4xx_hal_tim.o
 .text.TIM_ITRx_SetConfig
                0x0000000008006296       0x36 ./Drivers/STM32F4xx_HAL_Driver/Src/stm32f4xx_hal_tim.o
 .text.TIM_ETR_SetConfig
                0x00000000080062cc       0x40 ./Drivers/STM32F4xx_HAL_Driver/Src/stm32f4xx_hal_tim.o
                0x00000000080062cc                TIM_ETR_SetConfig
 .text.HAL_TIMEx_MasterConfigSynchronization
                0x000000000800630c       0xf8 ./Drivers/STM32F4xx_HAL_Driver/Src/stm32f4xx_hal_tim_ex.o
                0x000000000800630c                HAL_TIMEx_MasterConfigSynchronization
 .text.HAL_TIMEx_CommutCallback
                0x0000000008006404       0x14 ./Drivers/STM32F4xx_HAL_Driver/Src/stm32f4xx_hal_tim_ex.o
                0x0000000008006404                HAL_TIMEx_CommutCallback
 .text.HAL_TIMEx_BreakCallback
                0x0000000008006418       0x14 ./Drivers/STM32F4xx_HAL_Driver/Src/stm32f4xx_hal_tim_ex.o
                0x0000000008006418                HAL_TIMEx_BreakCallback
 .text.HAL_UART_Init
                0x000000000800642c       0x9a ./Drivers/STM32F4xx_HAL_Driver/Src/stm32f4xx_hal_uart.o
                0x000000000800642c                HAL_UART_Init
 .text.HAL_UART_Transmit
                0x00000000080064c6      0x124 ./Drivers/STM32F4xx_HAL_Driver/Src/stm32f4xx_hal_uart.o
                0x00000000080064c6                HAL_UART_Transmit
 .text.HAL_UART_Receive
                0x00000000080065ea      0x144 ./Drivers/STM32F4xx_HAL_Driver/Src/stm32f4xx_hal_uart.o
                0x00000000080065ea                HAL_UART_Receive
 *fill*         0x000000000800672e        0x2 
 .text.HAL_UART_IRQHandler
                0x0000000008006730      0x51c ./Drivers/STM32F4xx_HAL_Driver/Src/stm32f4xx_hal_uart.o
                0x0000000008006730                HAL_UART_IRQHandler
 .text.HAL_UART_TxCpltCallback
                0x0000000008006c4c       0x14 ./Drivers/STM32F4xx_HAL_Driver/Src/stm32f4xx_hal_uart.o
                0x0000000008006c4c                HAL_UART_TxCpltCallback
 .text.HAL_UART_RxCpltCallback
                0x0000000008006c60       0x14 ./Drivers/STM32F4xx_HAL_Driver/Src/stm32f4xx_hal_uart.o
                0x0000000008006c60                HAL_UART_RxCpltCallback
 .text.HAL_UART_ErrorCallback
                0x0000000008006c74       0x14 ./Drivers/STM32F4xx_HAL_Driver/Src/stm32f4xx_hal_uart.o
                0x0000000008006c74                HAL_UART_ErrorCallback
 .text.HAL_UARTEx_RxEventCallback
                0x0000000008006c88       0x18 ./Drivers/STM32F4xx_HAL_Driver/Src/stm32f4xx_hal_uart.o
                0x0000000008006c88                HAL_UARTEx_RxEventCallback
 .text.UART_WaitOnFlagUntilTimeout
                0x0000000008006ca0       0xdc ./Drivers/STM32F4xx_HAL_Driver/Src/stm32f4xx_hal_uart.o
 .text.UART_EndRxTransfer
                0x0000000008006d7c       0xc6 ./Drivers/STM32F4xx_HAL_Driver/Src/stm32f4xx_hal_uart.o
 .text.UART_DMAAbortOnError
                0x0000000008006e42       0x28 ./Drivers/STM32F4xx_HAL_Driver/Src/stm32f4xx_hal_uart.o
 .text.UART_Transmit_IT
                0x0000000008006e6a       0xa0 ./Drivers/STM32F4xx_HAL_Driver/Src/stm32f4xx_hal_uart.o
 .text.UART_EndTransmit_IT
                0x0000000008006f0a       0x30 ./Drivers/STM32F4xx_HAL_Driver/Src/stm32f4xx_hal_uart.o
 .text.UART_Receive_IT
                0x0000000008006f3a      0x176 ./Drivers/STM32F4xx_HAL_Driver/Src/stm32f4xx_hal_uart.o
 .text.UART_SetConfig
                0x00000000080070b0      0x4e8 ./Drivers/STM32F4xx_HAL_Driver/Src/stm32f4xx_hal_uart.o
 .text.FMC_SDRAM_Init
                0x0000000008007598       0xba ./Drivers/STM32F4xx_HAL_Driver/Src/stm32f4xx_ll_fmc.o
                0x0000000008007598                FMC_SDRAM_Init
 .text.FMC_SDRAM_Timing_Init
                0x0000000008007652       0xd2 ./Drivers/STM32F4xx_HAL_Driver/Src/stm32f4xx_ll_fmc.o
                0x0000000008007652                FMC_SDRAM_Timing_Init
 .text.USB_CoreInit
                0x0000000008007724       0xc2 ./Drivers/STM32F4xx_HAL_Driver/Src/stm32f4xx_ll_usb.o
                0x0000000008007724                USB_CoreInit
 .text.USB_EnableGlobalInt
                0x00000000080077e6       0x22 ./Drivers/STM32F4xx_HAL_Driver/Src/stm32f4xx_ll_usb.o
                0x00000000080077e6                USB_EnableGlobalInt
 .text.USB_DisableGlobalInt
                0x0000000008007808       0x22 ./Drivers/STM32F4xx_HAL_Driver/Src/stm32f4xx_ll_usb.o
                0x0000000008007808                USB_DisableGlobalInt
 .text.USB_SetCurrentMode
                0x000000000800782a       0x98 ./Drivers/STM32F4xx_HAL_Driver/Src/stm32f4xx_ll_usb.o
                0x000000000800782a                USB_SetCurrentMode
 *fill*         0x00000000080078c2        0x2 
 .text.USB_FlushTxFifo
                0x00000000080078c4       0x68 ./Drivers/STM32F4xx_HAL_Driver/Src/stm32f4xx_ll_usb.o
                0x00000000080078c4                USB_FlushTxFifo
 .text.USB_FlushRxFifo
                0x000000000800792c       0x60 ./Drivers/STM32F4xx_HAL_Driver/Src/stm32f4xx_ll_usb.o
                0x000000000800792c                USB_FlushRxFifo
 .text.USB_WritePacket
                0x000000000800798c       0x7c ./Drivers/STM32F4xx_HAL_Driver/Src/stm32f4xx_ll_usb.o
                0x000000000800798c                USB_WritePacket
 .text.USB_ReadPacket
                0x0000000008007a08       0xb0 ./Drivers/STM32F4xx_HAL_Driver/Src/stm32f4xx_ll_usb.o
                0x0000000008007a08                USB_ReadPacket
 .text.USB_ReadInterrupts
                0x0000000008007ab8       0x26 ./Drivers/STM32F4xx_HAL_Driver/Src/stm32f4xx_ll_usb.o
                0x0000000008007ab8                USB_ReadInterrupts
 .text.USB_GetMode
                0x0000000008007ade       0x1c ./Drivers/STM32F4xx_HAL_Driver/Src/stm32f4xx_ll_usb.o
                0x0000000008007ade                USB_GetMode
 *fill*         0x0000000008007afa        0x2 
 .text.USB_CoreReset
                0x0000000008007afc       0x68 ./Drivers/STM32F4xx_HAL_Driver/Src/stm32f4xx_ll_usb.o
 .text.USB_HostInit
                0x0000000008007b64      0x180 ./Drivers/STM32F4xx_HAL_Driver/Src/stm32f4xx_ll_usb.o
                0x0000000008007b64                USB_HostInit
 .text.USB_InitFSLSPClkSel
                0x0000000008007ce4       0x74 ./Drivers/STM32F4xx_HAL_Driver/Src/stm32f4xx_ll_usb.o
                0x0000000008007ce4                USB_InitFSLSPClkSel
 .text.USB_ResetPort
                0x0000000008007d58       0x54 ./Drivers/STM32F4xx_HAL_Driver/Src/stm32f4xx_ll_usb.o
                0x0000000008007d58                USB_ResetPort
 .text.USB_DriveVbus
                0x0000000008007dac       0x72 ./Drivers/STM32F4xx_HAL_Driver/Src/stm32f4xx_ll_usb.o
                0x0000000008007dac                USB_DriveVbus
 .text.USB_GetHostSpeed
                0x0000000008007e1e       0x2e ./Drivers/STM32F4xx_HAL_Driver/Src/stm32f4xx_ll_usb.o
                0x0000000008007e1e                USB_GetHostSpeed
 .text.USB_GetCurrentFrame
                0x0000000008007e4c       0x22 ./Drivers/STM32F4xx_HAL_Driver/Src/stm32f4xx_ll_usb.o
                0x0000000008007e4c                USB_GetCurrentFrame
 *fill*         0x0000000008007e6e        0x2 
 .text.USB_HC_Init
                0x0000000008007e70      0x244 ./Drivers/STM32F4xx_HAL_Driver/Src/stm32f4xx_ll_usb.o
                0x0000000008007e70                USB_HC_Init
 .text.USB_HC_StartXfer
                0x00000000080080b4      0x284 ./Drivers/STM32F4xx_HAL_Driver/Src/stm32f4xx_ll_usb.o
                0x00000000080080b4                USB_HC_StartXfer
 .text.USB_HC_ReadInterrupt
                0x0000000008008338       0x22 ./Drivers/STM32F4xx_HAL_Driver/Src/stm32f4xx_ll_usb.o
                0x0000000008008338                USB_HC_ReadInterrupt
 .text.USB_HC_Halt
                0x000000000800835a      0x1f8 ./Drivers/STM32F4xx_HAL_Driver/Src/stm32f4xx_ll_usb.o
                0x000000000800835a                USB_HC_Halt
 *fill*         0x0000000008008552        0x2 
 .text.USB_DoPing
                0x0000000008008554       0x78 ./Drivers/STM32F4xx_HAL_Driver/Src/stm32f4xx_ll_usb.o
                0x0000000008008554                USB_DoPing
 .text.USB_StopHost
                0x00000000080085cc      0x124 ./Drivers/STM32F4xx_HAL_Driver/Src/stm32f4xx_ll_usb.o
                0x00000000080085cc                USB_StopHost
 .text.smMotorSteps
                0x00000000080086f0       0x78 ./Drivers/StpMotor/src/stpMotor.o
                0x00000000080086f0                smMotorSteps
 .text.Mian     0x0000000008008768       0x2c ./Middlewares/Motor_App/src/Mtr_App.o
                0x0000000008008768                Mian
 .text.USBH_CDC_InterfaceInit
                0x0000000008008794      0x2ac ./Middlewares/ST/STM32_USB_Host_Library/Class/CDC/Src/usbh_cdc.o
 .text.USBH_CDC_InterfaceDeInit
                0x0000000008008a40       0xb2 ./Middlewares/ST/STM32_USB_Host_Library/Class/CDC/Src/usbh_cdc.o
 .text.USBH_CDC_ClassRequest
                0x0000000008008af2       0x3e ./Middlewares/ST/STM32_USB_Host_Library/Class/CDC/Src/usbh_cdc.o
 .text.USBH_CDC_Process
                0x0000000008008b30      0x12c ./Middlewares/ST/STM32_USB_Host_Library/Class/CDC/Src/usbh_cdc.o
 .text.USBH_CDC_SOFProcess
                0x0000000008008c5c       0x16 ./Middlewares/ST/STM32_USB_Host_Library/Class/CDC/Src/usbh_cdc.o
 .text.GetLineCoding
                0x0000000008008c72       0x3e ./Middlewares/ST/STM32_USB_Host_Library/Class/CDC/Src/usbh_cdc.o
 .text.SetLineCoding
                0x0000000008008cb0       0x3e ./Middlewares/ST/STM32_USB_Host_Library/Class/CDC/Src/usbh_cdc.o
 .text.CDC_ProcessTransmission
                0x0000000008008cee      0x124 ./Middlewares/ST/STM32_USB_Host_Library/Class/CDC/Src/usbh_cdc.o
 .text.CDC_ProcessReception
                0x0000000008008e12       0xd2 ./Middlewares/ST/STM32_USB_Host_Library/Class/CDC/Src/usbh_cdc.o
 .text.USBH_CDC_TransmitCallback
                0x0000000008008ee4       0x14 ./Middlewares/ST/STM32_USB_Host_Library/Class/CDC/Src/usbh_cdc.o
                0x0000000008008ee4                USBH_CDC_TransmitCallback
 .text.USBH_CDC_ReceiveCallback
                0x0000000008008ef8       0x14 ./Middlewares/ST/STM32_USB_Host_Library/Class/CDC/Src/usbh_cdc.o
                0x0000000008008ef8                USBH_CDC_ReceiveCallback
 .text.USBH_CDC_LineCodingChanged
                0x0000000008008f0c       0x14 ./Middlewares/ST/STM32_USB_Host_Library/Class/CDC/Src/usbh_cdc.o
                0x0000000008008f0c                USBH_CDC_LineCodingChanged
 .text.USBH_Init
                0x0000000008008f20       0xb8 ./Middlewares/ST/STM32_USB_Host_Library/Core/Src/usbh_core.o
                0x0000000008008f20                USBH_Init
 .text.DeInitStateMachine
                0x0000000008008fd8       0xa8 ./Middlewares/ST/STM32_USB_Host_Library/Core/Src/usbh_core.o
 .text.USBH_RegisterClass
                0x0000000008009080       0x54 ./Middlewares/ST/STM32_USB_Host_Library/Core/Src/usbh_core.o
                0x0000000008009080                USBH_RegisterClass
 .text.USBH_SelectInterface
                0x00000000080090d4       0x38 ./Middlewares/ST/STM32_USB_Host_Library/Core/Src/usbh_core.o
                0x00000000080090d4                USBH_SelectInterface
 .text.USBH_FindInterface
                0x000000000800910c       0x8c ./Middlewares/ST/STM32_USB_Host_Library/Core/Src/usbh_core.o
                0x000000000800910c                USBH_FindInterface
 .text.USBH_Start
                0x0000000008009198       0x20 ./Middlewares/ST/STM32_USB_Host_Library/Core/Src/usbh_core.o
                0x0000000008009198                USBH_Start
 .text.USBH_Process
                0x00000000080091b8      0x4d8 ./Middlewares/ST/STM32_USB_Host_Library/Core/Src/usbh_core.o
                0x00000000080091b8                USBH_Process
 .text.USBH_HandleEnum
                0x0000000008009690      0x458 ./Middlewares/ST/STM32_USB_Host_Library/Core/Src/usbh_core.o
 .text.USBH_LL_SetTimer
                0x0000000008009ae8       0x1e ./Middlewares/ST/STM32_USB_Host_Library/Core/Src/usbh_core.o
                0x0000000008009ae8                USBH_LL_SetTimer
 .text.USBH_LL_IncTimer
                0x0000000008009b06       0x24 ./Middlewares/ST/STM32_USB_Host_Library/Core/Src/usbh_core.o
                0x0000000008009b06                USBH_LL_IncTimer
 .text.USBH_HandleSof
                0x0000000008009b2a       0x30 ./Middlewares/ST/STM32_USB_Host_Library/Core/Src/usbh_core.o
 .text.USBH_LL_PortEnabled
                0x0000000008009b5a       0x34 ./Middlewares/ST/STM32_USB_Host_Library/Core/Src/usbh_core.o
                0x0000000008009b5a                USBH_LL_PortEnabled
 .text.USBH_LL_PortDisabled
                0x0000000008009b8e       0x1c ./Middlewares/ST/STM32_USB_Host_Library/Core/Src/usbh_core.o
                0x0000000008009b8e                USBH_LL_PortDisabled
 .text.USBH_LL_Connect
                0x0000000008009baa       0x46 ./Middlewares/ST/STM32_USB_Host_Library/Core/Src/usbh_core.o
                0x0000000008009baa                USBH_LL_Connect
 .text.USBH_LL_Disconnect
                0x0000000008009bf0       0x64 ./Middlewares/ST/STM32_USB_Host_Library/Core/Src/usbh_core.o
                0x0000000008009bf0                USBH_LL_Disconnect
 .text.USBH_Process_OS
                0x0000000008009c54       0x2e ./Middlewares/ST/STM32_USB_Host_Library/Core/Src/usbh_core.o
 .text.USBH_LL_NotifyURBChange
                0x0000000008009c82       0x2e ./Middlewares/ST/STM32_USB_Host_Library/Core/Src/usbh_core.o
                0x0000000008009c82                USBH_LL_NotifyURBChange
 .text.USBH_Get_DevDesc
                0x0000000008009cb0       0x50 ./Middlewares/ST/STM32_USB_Host_Library/Core/Src/usbh_ctlreq.o
                0x0000000008009cb0                USBH_Get_DevDesc
 .text.USBH_Get_CfgDesc
                0x0000000008009d00       0x48 ./Middlewares/ST/STM32_USB_Host_Library/Core/Src/usbh_ctlreq.o
                0x0000000008009d00                USBH_Get_CfgDesc
 .text.USBH_Get_StringDesc
                0x0000000008009d48       0x56 ./Middlewares/ST/STM32_USB_Host_Library/Core/Src/usbh_ctlreq.o
                0x0000000008009d48                USBH_Get_StringDesc
 .text.USBH_GetDescriptor
                0x0000000008009d9e       0x6a ./Middlewares/ST/STM32_USB_Host_Library/Core/Src/usbh_ctlreq.o
                0x0000000008009d9e                USBH_GetDescriptor
 .text.USBH_SetAddress
                0x0000000008009e08       0x48 ./Middlewares/ST/STM32_USB_Host_Library/Core/Src/usbh_ctlreq.o
                0x0000000008009e08                USBH_SetAddress
 .text.USBH_SetCfg
                0x0000000008009e50       0x46 ./Middlewares/ST/STM32_USB_Host_Library/Core/Src/usbh_ctlreq.o
                0x0000000008009e50                USBH_SetCfg
 .text.USBH_SetFeature
                0x0000000008009e96       0x48 ./Middlewares/ST/STM32_USB_Host_Library/Core/Src/usbh_ctlreq.o
                0x0000000008009e96                USBH_SetFeature
 .text.USBH_ClrFeature
                0x0000000008009ede       0x48 ./Middlewares/ST/STM32_USB_Host_Library/Core/Src/usbh_ctlreq.o
                0x0000000008009ede                USBH_ClrFeature
 *fill*         0x0000000008009f26        0x2 
 .text.USBH_ParseDevDesc
                0x0000000008009f28      0x124 ./Middlewares/ST/STM32_USB_Host_Library/Core/Src/usbh_ctlreq.o
 .text.USBH_ParseCfgDesc
                0x000000000800a04c      0x1ec ./Middlewares/ST/STM32_USB_Host_Library/Core/Src/usbh_ctlreq.o
 .text.USBH_ParseInterfaceDesc
                0x000000000800a238       0x5e ./Middlewares/ST/STM32_USB_Host_Library/Core/Src/usbh_ctlreq.o
 .text.USBH_ParseEPDesc
                0x000000000800a296      0x14a ./Middlewares/ST/STM32_USB_Host_Library/Core/Src/usbh_ctlreq.o
 .text.USBH_ParseStringDesc
                0x000000000800a3e0       0x66 ./Middlewares/ST/STM32_USB_Host_Library/Core/Src/usbh_ctlreq.o
 .text.USBH_GetNextDesc
                0x000000000800a446       0x36 ./Middlewares/ST/STM32_USB_Host_Library/Core/Src/usbh_ctlreq.o
                0x000000000800a446                USBH_GetNextDesc
 .text.USBH_CtlReq
                0x000000000800a47c       0xb2 ./Middlewares/ST/STM32_USB_Host_Library/Core/Src/usbh_ctlreq.o
                0x000000000800a47c                USBH_CtlReq
 *fill*         0x000000000800a52e        0x2 
 .text.USBH_HandleControl
                0x000000000800a530      0x490 ./Middlewares/ST/STM32_USB_Host_Library/Core/Src/usbh_ctlreq.o
 .text.USBH_CtlSendSetup
                0x000000000800a9c0       0x34 ./Middlewares/ST/STM32_USB_Host_Library/Core/Src/usbh_ioreq.o
                0x000000000800a9c0                USBH_CtlSendSetup
 .text.USBH_CtlSendData
                0x000000000800a9f4       0x4a ./Middlewares/ST/STM32_USB_Host_Library/Core/Src/usbh_ioreq.o
                0x000000000800a9f4                USBH_CtlSendData
 .text.USBH_CtlReceiveData
                0x000000000800aa3e       0x3c ./Middlewares/ST/STM32_USB_Host_Library/Core/Src/usbh_ioreq.o
                0x000000000800aa3e                USBH_CtlReceiveData
 .text.USBH_BulkSendData
                0x000000000800aa7a       0x4a ./Middlewares/ST/STM32_USB_Host_Library/Core/Src/usbh_ioreq.o
                0x000000000800aa7a                USBH_BulkSendData
 .text.USBH_BulkReceiveData
                0x000000000800aac4       0x3c ./Middlewares/ST/STM32_USB_Host_Library/Core/Src/usbh_ioreq.o
                0x000000000800aac4                USBH_BulkReceiveData
 .text.USBH_OpenPipe
                0x000000000800ab00       0x3e ./Middlewares/ST/STM32_USB_Host_Library/Core/Src/usbh_pipes.o
                0x000000000800ab00                USBH_OpenPipe
 .text.USBH_ClosePipe
                0x000000000800ab3e       0x20 ./Middlewares/ST/STM32_USB_Host_Library/Core/Src/usbh_pipes.o
                0x000000000800ab3e                USBH_ClosePipe
 .text.USBH_AllocPipe
                0x000000000800ab5e       0x42 ./Middlewares/ST/STM32_USB_Host_Library/Core/Src/usbh_pipes.o
                0x000000000800ab5e                USBH_AllocPipe
 .text.USBH_FreePipe
                0x000000000800aba0       0x3c ./Middlewares/ST/STM32_USB_Host_Library/Core/Src/usbh_pipes.o
                0x000000000800aba0                USBH_FreePipe
 .text.USBH_GetFreePipe
                0x000000000800abdc       0x48 ./Middlewares/ST/STM32_USB_Host_Library/Core/Src/usbh_pipes.o
 .text.__NVIC_SetPriority
                0x000000000800ac24       0x54 ./Middlewares/Third_Party/FreeRTOS/Source/CMSIS_RTOS_V2/cmsis_os2.o
 .text.SysTick_Handler
                0x000000000800ac78       0x20 ./Middlewares/Third_Party/FreeRTOS/Source/CMSIS_RTOS_V2/cmsis_os2.o
                0x000000000800ac78                SysTick_Handler
 .text.SVC_Setup
                0x000000000800ac98       0x12 ./Middlewares/Third_Party/FreeRTOS/Source/CMSIS_RTOS_V2/cmsis_os2.o
 *fill*         0x000000000800acaa        0x2 
 .text.osKernelInitialize
                0x000000000800acac       0x48 ./Middlewares/Third_Party/FreeRTOS/Source/CMSIS_RTOS_V2/cmsis_os2.o
                0x000000000800acac                osKernelInitialize
 .text.osKernelStart
                0x000000000800acf4       0x4c ./Middlewares/Third_Party/FreeRTOS/Source/CMSIS_RTOS_V2/cmsis_os2.o
                0x000000000800acf4                osKernelStart
 .text.osThreadNew
                0x000000000800ad40      0x124 ./Middlewares/Third_Party/FreeRTOS/Source/CMSIS_RTOS_V2/cmsis_os2.o
                0x000000000800ad40                osThreadNew
 .text.osDelay  0x000000000800ae64       0x36 ./Middlewares/Third_Party/FreeRTOS/Source/CMSIS_RTOS_V2/cmsis_os2.o
                0x000000000800ae64                osDelay
 .text.osMessageQueueNew
                0x000000000800ae9a       0xe6 ./Middlewares/Third_Party/FreeRTOS/Source/CMSIS_RTOS_V2/cmsis_os2.o
                0x000000000800ae9a                osMessageQueueNew
 .text.osMessageQueuePut
                0x000000000800af80       0xc0 ./Middlewares/Third_Party/FreeRTOS/Source/CMSIS_RTOS_V2/cmsis_os2.o
                0x000000000800af80                osMessageQueuePut
 .text.osMessageQueueGet
                0x000000000800b040       0xbc ./Middlewares/Third_Party/FreeRTOS/Source/CMSIS_RTOS_V2/cmsis_os2.o
                0x000000000800b040                osMessageQueueGet
 .text.vApplicationGetIdleTaskMemory
                0x000000000800b0fc       0x34 ./Middlewares/Third_Party/FreeRTOS/Source/CMSIS_RTOS_V2/cmsis_os2.o
                0x000000000800b0fc                vApplicationGetIdleTaskMemory
 .text.vApplicationGetTimerTaskMemory
                0x000000000800b130       0x34 ./Middlewares/Third_Party/FreeRTOS/Source/CMSIS_RTOS_V2/cmsis_os2.o
                0x000000000800b130                vApplicationGetTimerTaskMemory
 .text.vListInitialise
                0x000000000800b164       0x40 ./Middlewares/Third_Party/FreeRTOS/Source/list.o
                0x000000000800b164                vListInitialise
 .text.vListInitialiseItem
                0x000000000800b1a4       0x1a ./Middlewares/Third_Party/FreeRTOS/Source/list.o
                0x000000000800b1a4                vListInitialiseItem
 .text.vListInsertEnd
                0x000000000800b1be       0x48 ./Middlewares/Third_Party/FreeRTOS/Source/list.o
                0x000000000800b1be                vListInsertEnd
 .text.vListInsert
                0x000000000800b206       0x72 ./Middlewares/Third_Party/FreeRTOS/Source/list.o
                0x000000000800b206                vListInsert
 .text.uxListRemove
                0x000000000800b278       0x54 ./Middlewares/Third_Party/FreeRTOS/Source/list.o
                0x000000000800b278                uxListRemove
 .text.xQueueGenericReset
                0x000000000800b2cc       0xd0 ./Middlewares/Third_Party/FreeRTOS/Source/queue.o
                0x000000000800b2cc                xQueueGenericReset
 .text.xQueueGenericCreateStatic
                0x000000000800b39c       0xf0 ./Middlewares/Third_Party/FreeRTOS/Source/queue.o
                0x000000000800b39c                xQueueGenericCreateStatic
 .text.xQueueGenericCreate
                0x000000000800b48c       0x74 ./Middlewares/Third_Party/FreeRTOS/Source/queue.o
                0x000000000800b48c                xQueueGenericCreate
 .text.prvInitialiseNewQueue
                0x000000000800b500       0x46 ./Middlewares/Third_Party/FreeRTOS/Source/queue.o
 *fill*         0x000000000800b546        0x2 
 .text.xQueueGenericSend
                0x000000000800b548      0x1fc ./Middlewares/Third_Party/FreeRTOS/Source/queue.o
                0x000000000800b548                xQueueGenericSend
 .text.xQueueGenericSendFromISR
                0x000000000800b744      0x136 ./Middlewares/Third_Party/FreeRTOS/Source/queue.o
                0x000000000800b744                xQueueGenericSendFromISR
 *fill*         0x000000000800b87a        0x2 
 .text.xQueueReceive
                0x000000000800b87c      0x1c0 ./Middlewares/Third_Party/FreeRTOS/Source/queue.o
                0x000000000800b87c                xQueueReceive
 .text.xQueueReceiveFromISR
                0x000000000800ba3c      0x100 ./Middlewares/Third_Party/FreeRTOS/Source/queue.o
                0x000000000800ba3c                xQueueReceiveFromISR
 .text.prvCopyDataToQueue
                0x000000000800bb3c       0xd4 ./Middlewares/Third_Party/FreeRTOS/Source/queue.o
 .text.prvCopyDataFromQueue
                0x000000000800bc10       0x4c ./Middlewares/Third_Party/FreeRTOS/Source/queue.o
 .text.prvUnlockQueue
                0x000000000800bc5c       0xa4 ./Middlewares/Third_Party/FreeRTOS/Source/queue.o
 .text.prvIsQueueEmpty
                0x000000000800bd00       0x2c ./Middlewares/Third_Party/FreeRTOS/Source/queue.o
 .text.prvIsQueueFull
                0x000000000800bd2c       0x30 ./Middlewares/Third_Party/FreeRTOS/Source/queue.o
 .text.vQueueAddToRegistry
                0x000000000800bd5c       0x54 ./Middlewares/Third_Party/FreeRTOS/Source/queue.o
                0x000000000800bd5c                vQueueAddToRegistry
 .text.vQueueWaitForMessageRestricted
                0x000000000800bdb0       0x68 ./Middlewares/Third_Party/FreeRTOS/Source/queue.o
                0x000000000800bdb0                vQueueWaitForMessageRestricted
 .text.xTaskCreateStatic
                0x000000000800be18       0xba ./Middlewares/Third_Party/FreeRTOS/Source/tasks.o
                0x000000000800be18                xTaskCreateStatic
 .text.xTaskCreate
                0x000000000800bed2       0x8a ./Middlewares/Third_Party/FreeRTOS/Source/tasks.o
                0x000000000800bed2                xTaskCreate
 .text.prvInitialiseNewTask
                0x000000000800bf5c      0x154 ./Middlewares/Third_Party/FreeRTOS/Source/tasks.o
 .text.prvAddNewTaskToReadyList
                0x000000000800c0b0       0xe0 ./Middlewares/Third_Party/FreeRTOS/Source/tasks.o
 .text.vTaskDelay
                0x000000000800c190       0x68 ./Middlewares/Third_Party/FreeRTOS/Source/tasks.o
                0x000000000800c190                vTaskDelay
 .text.vTaskStartScheduler
                0x000000000800c1f8       0xe0 ./Middlewares/Third_Party/FreeRTOS/Source/tasks.o
                0x000000000800c1f8                vTaskStartScheduler
 .text.vTaskSuspendAll
                0x000000000800c2d8       0x1c ./Middlewares/Third_Party/FreeRTOS/Source/tasks.o
                0x000000000800c2d8                vTaskSuspendAll
 .text.xTaskResumeAll
                0x000000000800c2f4      0x13c ./Middlewares/Third_Party/FreeRTOS/Source/tasks.o
                0x000000000800c2f4                xTaskResumeAll
 .text.xTaskGetTickCount
                0x000000000800c430       0x20 ./Middlewares/Third_Party/FreeRTOS/Source/tasks.o
                0x000000000800c430                xTaskGetTickCount
 .text.xTaskIncrementTick
                0x000000000800c450      0x174 ./Middlewares/Third_Party/FreeRTOS/Source/tasks.o
                0x000000000800c450                xTaskIncrementTick
 .text.vTaskSwitchContext
                0x000000000800c5c4      0x114 ./Middlewares/Third_Party/FreeRTOS/Source/tasks.o
                0x000000000800c5c4                vTaskSwitchContext
 .text.vTaskPlaceOnEventList
                0x000000000800c6d8       0x48 ./Middlewares/Third_Party/FreeRTOS/Source/tasks.o
                0x000000000800c6d8                vTaskPlaceOnEventList
 .text.vTaskPlaceOnEventListRestricted
                0x000000000800c720       0x58 ./Middlewares/Third_Party/FreeRTOS/Source/tasks.o
                0x000000000800c720                vTaskPlaceOnEventListRestricted
 .text.xTaskRemoveFromEventList
                0x000000000800c778       0xc8 ./Middlewares/Third_Party/FreeRTOS/Source/tasks.o
                0x000000000800c778                xTaskRemoveFromEventList
 .text.vTaskInternalSetTimeOutState
                0x000000000800c840       0x2c ./Middlewares/Third_Party/FreeRTOS/Source/tasks.o
                0x000000000800c840                vTaskInternalSetTimeOutState
 .text.xTaskCheckForTimeOut
                0x000000000800c86c       0xc4 ./Middlewares/Third_Party/FreeRTOS/Source/tasks.o
                0x000000000800c86c                xTaskCheckForTimeOut
 .text.vTaskMissedYield
                0x000000000800c930       0x18 ./Middlewares/Third_Party/FreeRTOS/Source/tasks.o
                0x000000000800c930                vTaskMissedYield
 .text.prvIdleTask
                0x000000000800c948       0x34 ./Middlewares/Third_Party/FreeRTOS/Source/tasks.o
 .text.prvInitialiseTaskLists
                0x000000000800c97c       0x80 ./Middlewares/Third_Party/FreeRTOS/Source/tasks.o
 .text.prvCheckTasksWaitingTermination
                0x000000000800c9fc       0x5c ./Middlewares/Third_Party/FreeRTOS/Source/tasks.o
 .text.prvDeleteTCB
                0x000000000800ca58       0x68 ./Middlewares/Third_Party/FreeRTOS/Source/tasks.o
 .text.prvResetNextTaskUnblockTime
                0x000000000800cac0       0x40 ./Middlewares/Third_Party/FreeRTOS/Source/tasks.o
 .text.xTaskGetSchedulerState
                0x000000000800cb00       0x3c ./Middlewares/Third_Party/FreeRTOS/Source/tasks.o
                0x000000000800cb00                xTaskGetSchedulerState
 .text.xTaskPriorityDisinherit
                0x000000000800cb3c       0xdc ./Middlewares/Third_Party/FreeRTOS/Source/tasks.o
                0x000000000800cb3c                xTaskPriorityDisinherit
 .text.prvAddCurrentTaskToDelayedList
                0x000000000800cc18       0xa8 ./Middlewares/Third_Party/FreeRTOS/Source/tasks.o
 .text.xTimerCreateTimerTask
                0x000000000800ccc0       0x90 ./Middlewares/Third_Party/FreeRTOS/Source/timers.o
                0x000000000800ccc0                xTimerCreateTimerTask
 .text.xTimerGenericCommand
                0x000000000800cd50       0x9c ./Middlewares/Third_Party/FreeRTOS/Source/timers.o
                0x000000000800cd50                xTimerGenericCommand
 .text.prvProcessExpiredTimer
                0x000000000800cdec       0x98 ./Middlewares/Third_Party/FreeRTOS/Source/timers.o
 .text.prvTimerTask
                0x000000000800ce84       0x24 ./Middlewares/Third_Party/FreeRTOS/Source/timers.o
 .text.prvProcessTimerOrBlockTask
                0x000000000800cea8       0x9c ./Middlewares/Third_Party/FreeRTOS/Source/timers.o
 .text.prvGetNextExpireTime
                0x000000000800cf44       0x48 ./Middlewares/Third_Party/FreeRTOS/Source/timers.o
 .text.prvSampleTimeNow
                0x000000000800cf8c       0x40 ./Middlewares/Third_Party/FreeRTOS/Source/timers.o
 .text.prvInsertTimerInActiveList
                0x000000000800cfcc       0x84 ./Middlewares/Third_Party/FreeRTOS/Source/timers.o
 .text.prvProcessReceivedCommands
                0x000000000800d050      0x1c4 ./Middlewares/Third_Party/FreeRTOS/Source/timers.o
 .text.prvSwitchTimerLists
                0x000000000800d214       0xc8 ./Middlewares/Third_Party/FreeRTOS/Source/timers.o
 .text.prvCheckForValidListAndQueue
                0x000000000800d2dc       0x80 ./Middlewares/Third_Party/FreeRTOS/Source/timers.o
 .text.pxPortInitialiseStack
                0x000000000800d35c       0x68 ./Middlewares/Third_Party/FreeRTOS/Source/portable/GCC/ARM_CM4F/port.o
                0x000000000800d35c                pxPortInitialiseStack
 .text.prvTaskExitError
                0x000000000800d3c4       0x58 ./Middlewares/Third_Party/FreeRTOS/Source/portable/GCC/ARM_CM4F/port.o
 *fill*         0x000000000800d41c        0x4 
 .text.SVC_Handler
                0x000000000800d420       0x28 ./Middlewares/Third_Party/FreeRTOS/Source/portable/GCC/ARM_CM4F/port.o
                0x000000000800d420                SVC_Handler
 .text.prvPortStartFirstTask
                0x000000000800d448       0x28 ./Middlewares/Third_Party/FreeRTOS/Source/portable/GCC/ARM_CM4F/port.o
 .text.xPortStartScheduler
                0x000000000800d470      0x144 ./Middlewares/Third_Party/FreeRTOS/Source/portable/GCC/ARM_CM4F/port.o
                0x000000000800d470                xPortStartScheduler
 .text.vPortEnterCritical
                0x000000000800d5b4       0x60 ./Middlewares/Third_Party/FreeRTOS/Source/portable/GCC/ARM_CM4F/port.o
                0x000000000800d5b4                vPortEnterCritical
 .text.vPortExitCritical
                0x000000000800d614       0x54 ./Middlewares/Third_Party/FreeRTOS/Source/portable/GCC/ARM_CM4F/port.o
                0x000000000800d614                vPortExitCritical
 *fill*         0x000000000800d668        0x8 
 .text.PendSV_Handler
                0x000000000800d670       0x68 ./Middlewares/Third_Party/FreeRTOS/Source/portable/GCC/ARM_CM4F/port.o
                0x000000000800d670                PendSV_Handler
 .text.xPortSysTickHandler
                0x000000000800d6d8       0x44 ./Middlewares/Third_Party/FreeRTOS/Source/portable/GCC/ARM_CM4F/port.o
                0x000000000800d6d8                xPortSysTickHandler
 .text.vPortSetupTimerInterrupt
                0x000000000800d71c       0x48 ./Middlewares/Third_Party/FreeRTOS/Source/portable/GCC/ARM_CM4F/port.o
                0x000000000800d71c                vPortSetupTimerInterrupt
 .text.vPortEnableVFP
                0x000000000800d764       0x14 ./Middlewares/Third_Party/FreeRTOS/Source/portable/GCC/ARM_CM4F/port.o
 .text.vPortValidateInterruptPriority
                0x000000000800d778       0x80 ./Middlewares/Third_Party/FreeRTOS/Source/portable/GCC/ARM_CM4F/port.o
                0x000000000800d778                vPortValidateInterruptPriority
 .text.pvPortMalloc
                0x000000000800d7f8      0x1a0 ./Middlewares/Third_Party/FreeRTOS/Source/portable/MemMang/heap_4.o
                0x000000000800d7f8                pvPortMalloc
 .text.vPortFree
                0x000000000800d998       0xc4 ./Middlewares/Third_Party/FreeRTOS/Source/portable/MemMang/heap_4.o
                0x000000000800d998                vPortFree
 .text.prvHeapInit
                0x000000000800da5c       0xc4 ./Middlewares/Third_Party/FreeRTOS/Source/portable/MemMang/heap_4.o
 .text.prvInsertBlockIntoFreeList
                0x000000000800db20       0xb4 ./Middlewares/Third_Party/FreeRTOS/Source/portable/MemMang/heap_4.o
 .text.MX_USB_HOST_Init
                0x000000000800dbd4       0x4c ./USB_HOST/App/usb_host.o
                0x000000000800dbd4                MX_USB_HOST_Init
 .text.USBH_UserProcess
                0x000000000800dc20       0x5c ./USB_HOST/App/usb_host.o
 .text.HAL_HCD_MspInit
                0x000000000800dc7c       0xbc ./USB_HOST/Target/usbh_conf.o
                0x000000000800dc7c                HAL_HCD_MspInit
 .text.HAL_HCD_SOF_Callback
                0x000000000800dd38       0x1c ./USB_HOST/Target/usbh_conf.o
                0x000000000800dd38                HAL_HCD_SOF_Callback
 .text.HAL_HCD_Connect_Callback
                0x000000000800dd54       0x1c ./USB_HOST/Target/usbh_conf.o
                0x000000000800dd54                HAL_HCD_Connect_Callback
 .text.HAL_HCD_Disconnect_Callback
                0x000000000800dd70       0x1c ./USB_HOST/Target/usbh_conf.o
                0x000000000800dd70                HAL_HCD_Disconnect_Callback
 .text.HAL_HCD_HC_NotifyURBChange_Callback
                0x000000000800dd8c       0x24 ./USB_HOST/Target/usbh_conf.o
                0x000000000800dd8c                HAL_HCD_HC_NotifyURBChange_Callback
 .text.HAL_HCD_PortEnabled_Callback
                0x000000000800ddb0       0x1c ./USB_HOST/Target/usbh_conf.o
                0x000000000800ddb0                HAL_HCD_PortEnabled_Callback
 .text.HAL_HCD_PortDisabled_Callback
                0x000000000800ddcc       0x1c ./USB_HOST/Target/usbh_conf.o
                0x000000000800ddcc                HAL_HCD_PortDisabled_Callback
 .text.USBH_LL_Init
                0x000000000800dde8       0x8c ./USB_HOST/Target/usbh_conf.o
                0x000000000800dde8                USBH_LL_Init
 .text.USBH_LL_Start
                0x000000000800de74       0x36 ./USB_HOST/Target/usbh_conf.o
                0x000000000800de74                USBH_LL_Start
 .text.USBH_LL_Stop
                0x000000000800deaa       0x36 ./USB_HOST/Target/usbh_conf.o
                0x000000000800deaa                USBH_LL_Stop
 .text.USBH_LL_GetSpeed
                0x000000000800dee0       0x4e ./USB_HOST/Target/usbh_conf.o
                0x000000000800dee0                USBH_LL_GetSpeed
 .text.USBH_LL_ResetPort
                0x000000000800df2e       0x36 ./USB_HOST/Target/usbh_conf.o
                0x000000000800df2e                USBH_LL_ResetPort
 .text.USBH_LL_GetLastXferSize
                0x000000000800df64       0x26 ./USB_HOST/Target/usbh_conf.o
                0x000000000800df64                USBH_LL_GetLastXferSize
 .text.USBH_LL_OpenPipe
                0x000000000800df8a       0x5e ./USB_HOST/Target/usbh_conf.o
                0x000000000800df8a                USBH_LL_OpenPipe
 .text.USBH_LL_ClosePipe
                0x000000000800dfe8       0x3e ./USB_HOST/Target/usbh_conf.o
                0x000000000800dfe8                USBH_LL_ClosePipe
 .text.USBH_LL_SubmitURB
                0x000000000800e026       0x62 ./USB_HOST/Target/usbh_conf.o
                0x000000000800e026                USBH_LL_SubmitURB
 .text.USBH_LL_GetURBState
                0x000000000800e088       0x26 ./USB_HOST/Target/usbh_conf.o
                0x000000000800e088                USBH_LL_GetURBState
 .text.USBH_LL_DriverVBUS
                0x000000000800e0ae       0x2e ./USB_HOST/Target/usbh_conf.o
                0x000000000800e0ae                USBH_LL_DriverVBUS
 .text.USBH_LL_SetToggle
                0x000000000800e0dc       0x60 ./USB_HOST/Target/usbh_conf.o
                0x000000000800e0dc                USBH_LL_SetToggle
 .text.USBH_Delay
                0x000000000800e13c       0x16 ./USB_HOST/Target/usbh_conf.o
                0x000000000800e13c                USBH_Delay
 *fill*         0x000000000800e152        0x2 
 .text.USBH_Get_USB_Status
                0x000000000800e154       0x58 ./USB_HOST/Target/usbh_conf.o
                0x000000000800e154                USBH_Get_USB_Status
 .text.MX_DriverVbusHS
                0x000000000800e1ac       0x38 ./USB_HOST/Target/usbh_platform.o
                0x000000000800e1ac                MX_DriverVbusHS
 .text.malloc   0x000000000800e1e4       0x10 C:/ST/STM32CubeIDE_1.13.1/STM32CubeIDE/plugins/com.st.stm32cube.ide.mcu.externaltools.gnu-tools-for-stm32.11.3.rel1.win32_1.1.100.202309141235/tools/bin/../lib/gcc/arm-none-eabi/11.3.1/../../../../arm-none-eabi/lib/thumb/v7e-m+fp/hard\libc_nano.a(libc_a-malloc.o)
                0x000000000800e1e4                malloc
 .text.free     0x000000000800e1f4       0x10 C:/ST/STM32CubeIDE_1.13.1/STM32CubeIDE/plugins/com.st.stm32cube.ide.mcu.externaltools.gnu-tools-for-stm32.11.3.rel1.win32_1.1.100.202309141235/tools/bin/../lib/gcc/arm-none-eabi/11.3.1/../../../../arm-none-eabi/lib/thumb/v7e-m+fp/hard\libc_nano.a(libc_a-malloc.o)
                0x000000000800e1f4                free
 .text.sbrk_aligned
                0x000000000800e204       0x40 C:/ST/STM32CubeIDE_1.13.1/STM32CubeIDE/plugins/com.st.stm32cube.ide.mcu.externaltools.gnu-tools-for-stm32.11.3.rel1.win32_1.1.100.202309141235/tools/bin/../lib/gcc/arm-none-eabi/11.3.1/../../../../arm-none-eabi/lib/thumb/v7e-m+fp/hard\libc_nano.a(libc_a-mallocr.o)
 .text._malloc_r
                0x000000000800e244      0x100 C:/ST/STM32CubeIDE_1.13.1/STM32CubeIDE/plugins/com.st.stm32cube.ide.mcu.externaltools.gnu-tools-for-stm32.11.3.rel1.win32_1.1.100.202309141235/tools/bin/../lib/gcc/arm-none-eabi/11.3.1/../../../../arm-none-eabi/lib/thumb/v7e-m+fp/hard\libc_nano.a(libc_a-mallocr.o)
                0x000000000800e244                _malloc_r
 .text.__malloc_lock
                0x000000000800e344        0xc C:/ST/STM32CubeIDE_1.13.1/STM32CubeIDE/plugins/com.st.stm32cube.ide.mcu.externaltools.gnu-tools-for-stm32.11.3.rel1.win32_1.1.100.202309141235/tools/bin/../lib/gcc/arm-none-eabi/11.3.1/../../../../arm-none-eabi/lib/thumb/v7e-m+fp/hard\libc_nano.a(libc_a-mlock.o)
                0x000000000800e344                __malloc_lock
 .text.__malloc_unlock
                0x000000000800e350        0xc C:/ST/STM32CubeIDE_1.13.1/STM32CubeIDE/plugins/com.st.stm32cube.ide.mcu.externaltools.gnu-tools-for-stm32.11.3.rel1.win32_1.1.100.202309141235/tools/bin/../lib/gcc/arm-none-eabi/11.3.1/../../../../arm-none-eabi/lib/thumb/v7e-m+fp/hard\libc_nano.a(libc_a-mlock.o)
                0x000000000800e350                __malloc_unlock
 .text.memset   0x000000000800e35c       0x10 C:/ST/STM32CubeIDE_1.13.1/STM32CubeIDE/plugins/com.st.stm32cube.ide.mcu.externaltools.gnu-tools-for-stm32.11.3.rel1.win32_1.1.100.202309141235/tools/bin/../lib/gcc/arm-none-eabi/11.3.1/../../../../arm-none-eabi/lib/thumb/v7e-m+fp/hard\libc_nano.a(libc_a-memset.o)
                0x000000000800e35c                memset
 .text._reclaim_reent
                0x000000000800e36c       0xac C:/ST/STM32CubeIDE_1.13.1/STM32CubeIDE/plugins/com.st.stm32cube.ide.mcu.externaltools.gnu-tools-for-stm32.11.3.rel1.win32_1.1.100.202309141235/tools/bin/../lib/gcc/arm-none-eabi/11.3.1/../../../../arm-none-eabi/lib/thumb/v7e-m+fp/hard\libc_nano.a(libc_a-reent.o)
                0x000000000800e36c                _reclaim_reent
 .text._sbrk_r  0x000000000800e418       0x20 C:/ST/STM32CubeIDE_1.13.1/STM32CubeIDE/plugins/com.st.stm32cube.ide.mcu.externaltools.gnu-tools-for-stm32.11.3.rel1.win32_1.1.100.202309141235/tools/bin/../lib/gcc/arm-none-eabi/11.3.1/../../../../arm-none-eabi/lib/thumb/v7e-m+fp/hard\libc_nano.a(libc_a-sbrkr.o)
                0x000000000800e418                _sbrk_r
 .text.__errno  0x000000000800e438        0xc C:/ST/STM32CubeIDE_1.13.1/STM32CubeIDE/plugins/com.st.stm32cube.ide.mcu.externaltools.gnu-tools-for-stm32.11.3.rel1.win32_1.1.100.202309141235/tools/bin/../lib/gcc/arm-none-eabi/11.3.1/../../../../arm-none-eabi/lib/thumb/v7e-m+fp/hard\libc_nano.a(libc_a-errno.o)
                0x000000000800e438                __errno
 .text.__libc_init_array
                0x000000000800e444       0x48 C:/ST/STM32CubeIDE_1.13.1/STM32CubeIDE/plugins/com.st.stm32cube.ide.mcu.externaltools.gnu-tools-for-stm32.11.3.rel1.win32_1.1.100.202309141235/tools/bin/../lib/gcc/arm-none-eabi/11.3.1/../../../../arm-none-eabi/lib/thumb/v7e-m+fp/hard\libc_nano.a(libc_a-init.o)
                0x000000000800e444                __libc_init_array
 .text.__retarget_lock_acquire_recursive
                0x000000000800e48c        0x2 C:/ST/STM32CubeIDE_1.13.1/STM32CubeIDE/plugins/com.st.stm32cube.ide.mcu.externaltools.gnu-tools-for-stm32.11.3.rel1.win32_1.1.100.202309141235/tools/bin/../lib/gcc/arm-none-eabi/11.3.1/../../../../arm-none-eabi/lib/thumb/v7e-m+fp/hard\libc_nano.a(libc_a-lock.o)
                0x000000000800e48c                __retarget_lock_acquire_recursive
 .text.__retarget_lock_release_recursive
                0x000000000800e48e        0x2 C:/ST/STM32CubeIDE_1.13.1/STM32CubeIDE/plugins/com.st.stm32cube.ide.mcu.externaltools.gnu-tools-for-stm32.11.3.rel1.win32_1.1.100.202309141235/tools/bin/../lib/gcc/arm-none-eabi/11.3.1/../../../../arm-none-eabi/lib/thumb/v7e-m+fp/hard\libc_nano.a(libc_a-lock.o)
                0x000000000800e48e                __retarget_lock_release_recursive
 .text.memcpy   0x000000000800e490       0x1c C:/ST/STM32CubeIDE_1.13.1/STM32CubeIDE/plugins/com.st.stm32cube.ide.mcu.externaltools.gnu-tools-for-stm32.11.3.rel1.win32_1.1.100.202309141235/tools/bin/../lib/gcc/arm-none-eabi/11.3.1/../../../../arm-none-eabi/lib/thumb/v7e-m+fp/hard\libc_nano.a(libc_a-memcpy-stub.o)
                0x000000000800e490                memcpy
 .text._free_r  0x000000000800e4ac       0x98 C:/ST/STM32CubeIDE_1.13.1/STM32CubeIDE/plugins/com.st.stm32cube.ide.mcu.externaltools.gnu-tools-for-stm32.11.3.rel1.win32_1.1.100.202309141235/tools/bin/../lib/gcc/arm-none-eabi/11.3.1/../../../../arm-none-eabi/lib/thumb/v7e-m+fp/hard\libc_nano.a(libc_a-freer.o)
                0x000000000800e4ac                _free_r
 *(.glue_7)
 .glue_7        0x000000000800e544        0x0 linker stubs
 *(.glue_7t)
 .glue_7t       0x000000000800e544        0x0 linker stubs
 *(.eh_frame)
 .eh_frame      0x000000000800e544        0x0 C:/ST/STM32CubeIDE_1.13.1/STM32CubeIDE/plugins/com.st.stm32cube.ide.mcu.externaltools.gnu-tools-for-stm32.11.3.rel1.win32_1.1.100.202309141235/tools/bin/../lib/gcc/arm-none-eabi/11.3.1/thumb/v7e-m+fp/hard/crtbegin.o
 *(.init)
 .init          0x000000000800e544        0x4 C:/ST/STM32CubeIDE_1.13.1/STM32CubeIDE/plugins/com.st.stm32cube.ide.mcu.externaltools.gnu-tools-for-stm32.11.3.rel1.win32_1.1.100.202309141235/tools/bin/../lib/gcc/arm-none-eabi/11.3.1/thumb/v7e-m+fp/hard/crti.o
                0x000000000800e544                _init
 .init          0x000000000800e548        0x8 C:/ST/STM32CubeIDE_1.13.1/STM32CubeIDE/plugins/com.st.stm32cube.ide.mcu.externaltools.gnu-tools-for-stm32.11.3.rel1.win32_1.1.100.202309141235/tools/bin/../lib/gcc/arm-none-eabi/11.3.1/thumb/v7e-m+fp/hard/crtn.o
 *(.fini)
 .fini          0x000000000800e550        0x4 C:/ST/STM32CubeIDE_1.13.1/STM32CubeIDE/plugins/com.st.stm32cube.ide.mcu.externaltools.gnu-tools-for-stm32.11.3.rel1.win32_1.1.100.202309141235/tools/bin/../lib/gcc/arm-none-eabi/11.3.1/thumb/v7e-m+fp/hard/crti.o
                0x000000000800e550                _fini
 .fini          0x000000000800e554        0x8 C:/ST/STM32CubeIDE_1.13.1/STM32CubeIDE/plugins/com.st.stm32cube.ide.mcu.externaltools.gnu-tools-for-stm32.11.3.rel1.win32_1.1.100.202309141235/tools/bin/../lib/gcc/arm-none-eabi/11.3.1/thumb/v7e-m+fp/hard/crtn.o
                0x000000000800e55c                . = ALIGN (0x4)
                0x000000000800e55c                _etext = .

.vfp11_veneer   0x000000000800e55c        0x0
 .vfp11_veneer  0x000000000800e55c        0x0 linker stubs

.v4_bx          0x000000000800e55c        0x0
 .v4_bx         0x000000000800e55c        0x0 linker stubs

.iplt           0x000000000800e55c        0x0
 .iplt          0x000000000800e55c        0x0 C:/ST/STM32CubeIDE_1.13.1/STM32CubeIDE/plugins/com.st.stm32cube.ide.mcu.externaltools.gnu-tools-for-stm32.11.3.rel1.win32_1.1.100.202309141235/tools/bin/../lib/gcc/arm-none-eabi/11.3.1/thumb/v7e-m+fp/hard/crtbegin.o

.rodata         0x000000000800e55c       0x70
                0x000000000800e55c                . = ALIGN (0x4)
 *(.rodata)
 .rodata        0x000000000800e55c        0xc ./Core/Src/main.o
 .rodata        0x000000000800e568        0x4 ./Middlewares/ST/STM32_USB_Host_Library/Class/CDC/Src/usbh_cdc.o
 .rodata        0x000000000800e56c        0xb ./Middlewares/ST/STM32_USB_Host_Library/Core/Src/usbh_core.o
 *fill*         0x000000000800e577        0x1 
 .rodata        0x000000000800e578        0x5 ./Middlewares/Third_Party/FreeRTOS/Source/tasks.o
 *fill*         0x000000000800e57d        0x3 
 .rodata        0x000000000800e580        0xd ./Middlewares/Third_Party/FreeRTOS/Source/timers.o
 *(.rodata*)
 *fill*         0x000000000800e58d        0x3 
 .rodata.defaultTask_attributes
                0x000000000800e590       0x24 ./Core/Src/main.o
                0x000000000800e590                defaultTask_attributes
 .rodata.AHBPrescTable
                0x000000000800e5b4       0x10 ./Core/Src/system_stm32f4xx.o
                0x000000000800e5b4                AHBPrescTable
 .rodata.APBPrescTable
                0x000000000800e5c4        0x8 ./Core/Src/system_stm32f4xx.o
                0x000000000800e5c4                APBPrescTable
                0x000000000800e5cc                . = ALIGN (0x4)

.ARM.extab      0x000000000800e5cc        0x0
                0x000000000800e5cc                . = ALIGN (0x4)
 *(.ARM.extab* .gnu.linkonce.armextab.*)
                0x000000000800e5cc                . = ALIGN (0x4)

.ARM            0x000000000800e5cc        0x8
                0x000000000800e5cc                . = ALIGN (0x4)
                0x000000000800e5cc                __exidx_start = .
 *(.ARM.exidx*)
 .ARM.exidx     0x000000000800e5cc        0x8 C:/ST/STM32CubeIDE_1.13.1/STM32CubeIDE/plugins/com.st.stm32cube.ide.mcu.externaltools.gnu-tools-for-stm32.11.3.rel1.win32_1.1.100.202309141235/tools/bin/../lib/gcc/arm-none-eabi/11.3.1/thumb/v7e-m+fp/hard\libgcc.a(_udivmoddi4.o)
                0x000000000800e5d4                __exidx_end = .
                0x000000000800e5d4                . = ALIGN (0x4)

.rel.dyn        0x000000000800e5d4        0x0
 .rel.iplt      0x000000000800e5d4        0x0 C:/ST/STM32CubeIDE_1.13.1/STM32CubeIDE/plugins/com.st.stm32cube.ide.mcu.externaltools.gnu-tools-for-stm32.11.3.rel1.win32_1.1.100.202309141235/tools/bin/../lib/gcc/arm-none-eabi/11.3.1/thumb/v7e-m+fp/hard/crtbegin.o

.preinit_array  0x000000000800e5d4        0x0
                0x000000000800e5d4                . = ALIGN (0x4)
                0x000000000800e5d4                PROVIDE (__preinit_array_start = .)
 *(.preinit_array*)
                0x000000000800e5d4                PROVIDE (__preinit_array_end = .)
                0x000000000800e5d4                . = ALIGN (0x4)

.init_array     0x000000000800e5d4        0x4
                0x000000000800e5d4                . = ALIGN (0x4)
                0x000000000800e5d4                PROVIDE (__init_array_start = .)
 *(SORT_BY_NAME(.init_array.*))
 *(.init_array*)
 .init_array    0x000000000800e5d4        0x4 C:/ST/STM32CubeIDE_1.13.1/STM32CubeIDE/plugins/com.st.stm32cube.ide.mcu.externaltools.gnu-tools-for-stm32.11.3.rel1.win32_1.1.100.202309141235/tools/bin/../lib/gcc/arm-none-eabi/11.3.1/thumb/v7e-m+fp/hard/crtbegin.o
                0x000000000800e5d8                PROVIDE (__init_array_end = .)
                0x000000000800e5d8                . = ALIGN (0x4)

.fini_array     0x000000000800e5d8        0x4
                0x000000000800e5d8                . = ALIGN (0x4)
                [!provide]                        PROVIDE (__fini_array_start = .)
 *(SORT_BY_NAME(.fini_array.*))
 *(.fini_array*)
 .fini_array    0x000000000800e5d8        0x4 C:/ST/STM32CubeIDE_1.13.1/STM32CubeIDE/plugins/com.st.stm32cube.ide.mcu.externaltools.gnu-tools-for-stm32.11.3.rel1.win32_1.1.100.202309141235/tools/bin/../lib/gcc/arm-none-eabi/11.3.1/thumb/v7e-m+fp/hard/crtbegin.o
                [!provide]                        PROVIDE (__fini_array_end = .)
                0x000000000800e5dc                . = ALIGN (0x4)
                0x000000000800e5dc                _sidata = LOADADDR (.data)

.data           0x0000000020000000       0x80 load address 0x000000000800e5dc
                0x0000000020000000                . = ALIGN (0x4)
                0x0000000020000000                _sdata = .
 *(.data)
 *(.data*)
 .data.SystemCoreClock
                0x0000000020000000        0x4 ./Core/Src/system_stm32f4xx.o
                0x0000000020000000                SystemCoreClock
 .data.uwTickPrio
                0x0000000020000004        0x4 ./Drivers/STM32F4xx_HAL_Driver/Src/stm32f4xx_hal.o
                0x0000000020000004                uwTickPrio
 .data.uwTickFreq
                0x0000000020000008        0x1 ./Drivers/STM32F4xx_HAL_Driver/Src/stm32f4xx_hal.o
                0x0000000020000008                uwTickFreq
 *fill*         0x0000000020000009        0x3 
 .data.CDC_Class
                0x000000002000000c       0x20 ./Middlewares/ST/STM32_USB_Host_Library/Class/CDC/Src/usbh_cdc.o
                0x000000002000000c                CDC_Class
 .data.uxCriticalNesting
                0x000000002000002c        0x4 ./Middlewares/Third_Party/FreeRTOS/Source/portable/GCC/ARM_CM4F/port.o
 .data._impure_data
                0x0000000020000030       0x4c C:/ST/STM32CubeIDE_1.13.1/STM32CubeIDE/plugins/com.st.stm32cube.ide.mcu.externaltools.gnu-tools-for-stm32.11.3.rel1.win32_1.1.100.202309141235/tools/bin/../lib/gcc/arm-none-eabi/11.3.1/../../../../arm-none-eabi/lib/thumb/v7e-m+fp/hard\libc_nano.a(libc_a-impure.o)
                0x0000000020000030                _impure_data
 .data._impure_ptr
                0x000000002000007c        0x4 C:/ST/STM32CubeIDE_1.13.1/STM32CubeIDE/plugins/com.st.stm32cube.ide.mcu.externaltools.gnu-tools-for-stm32.11.3.rel1.win32_1.1.100.202309141235/tools/bin/../lib/gcc/arm-none-eabi/11.3.1/../../../../arm-none-eabi/lib/thumb/v7e-m+fp/hard\libc_nano.a(libc_a-impure.o)
                0x000000002000007c                _impure_ptr
 *(.RamFunc)
 *(.RamFunc*)
                0x0000000020000080                . = ALIGN (0x4)
                0x0000000020000080                _edata = .
                0x000000000800e65c                _siccmram = LOADADDR (.ccmram)

.igot.plt       0x0000000020000080        0x0 load address 0x000000000800e65c
 .igot.plt      0x0000000020000080        0x0 C:/ST/STM32CubeIDE_1.13.1/STM32CubeIDE/plugins/com.st.stm32cube.ide.mcu.externaltools.gnu-tools-for-stm32.11.3.rel1.win32_1.1.100.202309141235/tools/bin/../lib/gcc/arm-none-eabi/11.3.1/thumb/v7e-m+fp/hard/crtbegin.o

.ccmram         0x0000000010000000        0x0 load address 0x000000000800e65c
                0x0000000010000000                . = ALIGN (0x4)
                0x0000000010000000                _sccmram = .
 *(.ccmram)
 *(.ccmram*)
                0x0000000010000000                . = ALIGN (0x4)
                0x0000000010000000                _eccmram = .
                0x0000000010000000                . = ALIGN (0x4)

.bss            0x0000000020000080     0x9960
                0x0000000020000080                _sbss = .
                0x0000000020000080                __bss_start__ = _sbss
 *(.bss)
 .bss           0x0000000020000080       0x1c C:/ST/STM32CubeIDE_1.13.1/STM32CubeIDE/plugins/com.st.stm32cube.ide.mcu.externaltools.gnu-tools-for-stm32.11.3.rel1.win32_1.1.100.202309141235/tools/bin/../lib/gcc/arm-none-eabi/11.3.1/thumb/v7e-m+fp/hard/crtbegin.o
 *(.bss*)
 .bss.hcrc      0x000000002000009c        0x8 ./Core/Src/main.o
                0x000000002000009c                hcrc
 .bss.hdma2d    0x00000000200000a4       0x40 ./Core/Src/main.o
                0x00000000200000a4                hdma2d
 .bss.hi2c3     0x00000000200000e4       0x54 ./Core/Src/main.o
                0x00000000200000e4                hi2c3
 .bss.hltdc     0x0000000020000138       0xa8 ./Core/Src/main.o
                0x0000000020000138                hltdc
 .bss.hspi5     0x00000000200001e0       0x58 ./Core/Src/main.o
                0x00000000200001e0                hspi5
 .bss.htim1     0x0000000020000238       0x48 ./Core/Src/main.o
                0x0000000020000238                htim1
 .bss.htim4     0x0000000020000280       0x48 ./Core/Src/main.o
                0x0000000020000280                htim4
 .bss.huart1    0x00000000200002c8       0x44 ./Core/Src/main.o
                0x00000000200002c8                huart1
 .bss.hsdram1   0x000000002000030c       0x34 ./Core/Src/main.o
                0x000000002000030c                hsdram1
 .bss.defaultTaskHandle
                0x0000000020000340        0x4 ./Core/Src/main.o
                0x0000000020000340                defaultTaskHandle
 .bss.FMC_Initialized
                0x0000000020000344        0x4 ./Core/Src/stm32f4xx_hal_msp.o
 .bss.htim6     0x0000000020000348       0x48 ./Core/Src/stm32f4xx_hal_timebase_tim.o
                0x0000000020000348                htim6
 .bss.__sbrk_heap_end
                0x0000000020000390        0x4 ./Core/Src/sysmem.o
 .bss.uwTick    0x0000000020000394        0x4 ./Drivers/STM32F4xx_HAL_Driver/Src/stm32f4xx_hal.o
                0x0000000020000394                uwTick
 .bss.USBH_Thread_Atrr
                0x0000000020000398       0x24 ./Middlewares/ST/STM32_USB_Host_Library/Core/Src/usbh_core.o
                0x0000000020000398                USBH_Thread_Atrr
 .bss.KernelState
                0x00000000200003bc        0x4 ./Middlewares/Third_Party/FreeRTOS/Source/CMSIS_RTOS_V2/cmsis_os2.o
 .bss.Idle_TCB.3
                0x00000000200003c0       0xac ./Middlewares/Third_Party/FreeRTOS/Source/CMSIS_RTOS_V2/cmsis_os2.o
 .bss.Idle_Stack.2
                0x000000002000046c      0x200 ./Middlewares/Third_Party/FreeRTOS/Source/CMSIS_RTOS_V2/cmsis_os2.o
 .bss.Timer_TCB.1
                0x000000002000066c       0xac ./Middlewares/Third_Party/FreeRTOS/Source/CMSIS_RTOS_V2/cmsis_os2.o
 .bss.Timer_Stack.0
                0x0000000020000718      0x400 ./Middlewares/Third_Party/FreeRTOS/Source/CMSIS_RTOS_V2/cmsis_os2.o
 .bss.xQueueRegistry
                0x0000000020000b18       0x40 ./Middlewares/Third_Party/FreeRTOS/Source/queue.o
                0x0000000020000b18                xQueueRegistry
 .bss.pxCurrentTCB
                0x0000000020000b58        0x4 ./Middlewares/Third_Party/FreeRTOS/Source/tasks.o
                0x0000000020000b58                pxCurrentTCB
 .bss.pxReadyTasksLists
                0x0000000020000b5c      0x460 ./Middlewares/Third_Party/FreeRTOS/Source/tasks.o
 .bss.xDelayedTaskList1
                0x0000000020000fbc       0x14 ./Middlewares/Third_Party/FreeRTOS/Source/tasks.o
 .bss.xDelayedTaskList2
                0x0000000020000fd0       0x14 ./Middlewares/Third_Party/FreeRTOS/Source/tasks.o
 .bss.pxDelayedTaskList
                0x0000000020000fe4        0x4 ./Middlewares/Third_Party/FreeRTOS/Source/tasks.o
 .bss.pxOverflowDelayedTaskList
                0x0000000020000fe8        0x4 ./Middlewares/Third_Party/FreeRTOS/Source/tasks.o
 .bss.xPendingReadyList
                0x0000000020000fec       0x14 ./Middlewares/Third_Party/FreeRTOS/Source/tasks.o
 .bss.xTasksWaitingTermination
                0x0000000020001000       0x14 ./Middlewares/Third_Party/FreeRTOS/Source/tasks.o
 .bss.uxDeletedTasksWaitingCleanUp
                0x0000000020001014        0x4 ./Middlewares/Third_Party/FreeRTOS/Source/tasks.o
 .bss.xSuspendedTaskList
                0x0000000020001018       0x14 ./Middlewares/Third_Party/FreeRTOS/Source/tasks.o
 .bss.uxCurrentNumberOfTasks
                0x000000002000102c        0x4 ./Middlewares/Third_Party/FreeRTOS/Source/tasks.o
 .bss.xTickCount
                0x0000000020001030        0x4 ./Middlewares/Third_Party/FreeRTOS/Source/tasks.o
 .bss.uxTopReadyPriority
                0x0000000020001034        0x4 ./Middlewares/Third_Party/FreeRTOS/Source/tasks.o
 .bss.xSchedulerRunning
                0x0000000020001038        0x4 ./Middlewares/Third_Party/FreeRTOS/Source/tasks.o
 .bss.xPendedTicks
                0x000000002000103c        0x4 ./Middlewares/Third_Party/FreeRTOS/Source/tasks.o
 .bss.xYieldPending
                0x0000000020001040        0x4 ./Middlewares/Third_Party/FreeRTOS/Source/tasks.o
 .bss.xNumOfOverflows
                0x0000000020001044        0x4 ./Middlewares/Third_Party/FreeRTOS/Source/tasks.o
 .bss.uxTaskNumber